Component: ARM Compiler 5.06 update 7 (build 960) Tool: armlink [4d3601]

==============================================================================

Section Cross References

    system_stm32f10x.o(i.SetSysClock) refers to system_stm32f10x.o(i.SetSysClockTo72) for SetSysClockTo72
    system_stm32f10x.o(i.SystemCoreClockUpdate) refers to system_stm32f10x.o(.data) for SystemCoreClock
    system_stm32f10x.o(i.SystemInit) refers to system_stm32f10x.o(i.SetSysClock) for SetSysClock
    startup_stm32f10x_md.o(STACK) refers (Special) to heapauxi.o(.text) for __use_two_region_memory
    startup_stm32f10x_md.o(HEAP) refers (Special) to heapauxi.o(.text) for __use_two_region_memory
    startup_stm32f10x_md.o(RESET) refers (Special) to heapauxi.o(.text) for __use_two_region_memory
    startup_stm32f10x_md.o(RESET) refers to startup_stm32f10x_md.o(STACK) for __initial_sp
    startup_stm32f10x_md.o(RESET) refers to startup_stm32f10x_md.o(.text) for Reset_Handler
    startup_stm32f10x_md.o(RESET) refers to stm32f10x_it.o(i.NMI_Handler) for NMI_Handler
    startup_stm32f10x_md.o(RESET) refers to stm32f10x_it.o(i.HardFault_Handler) for HardFault_Handler
    startup_stm32f10x_md.o(RESET) refers to stm32f10x_it.o(i.MemManage_Handler) for MemManage_Handler
    startup_stm32f10x_md.o(RESET) refers to stm32f10x_it.o(i.BusFault_Handler) for BusFault_Handler
    startup_stm32f10x_md.o(RESET) refers to stm32f10x_it.o(i.UsageFault_Handler) for UsageFault_Handler
    startup_stm32f10x_md.o(RESET) refers to stm32f10x_it.o(i.SVC_Handler) for SVC_Handler
    startup_stm32f10x_md.o(RESET) refers to stm32f10x_it.o(i.DebugMon_Handler) for DebugMon_Handler
    startup_stm32f10x_md.o(RESET) refers to stm32f10x_it.o(i.PendSV_Handler) for PendSV_Handler
    startup_stm32f10x_md.o(RESET) refers to stm32f10x_it.o(i.SysTick_Handler) for SysTick_Handler
    startup_stm32f10x_md.o(RESET) refers to timer.o(i.TIM2_IRQHandler) for TIM2_IRQHandler
    startup_stm32f10x_md.o(RESET) refers to timer.o(i.TIM4_IRQHandler) for TIM4_IRQHandler
    startup_stm32f10x_md.o(RESET) refers to usart.o(i.USART1_IRQHandler) for USART1_IRQHandler
    startup_stm32f10x_md.o(RESET) refers to usart.o(i.USART2_IRQHandler) for USART2_IRQHandler
    startup_stm32f10x_md.o(RESET) refers to tx510.o(i.USART3_IRQHandler) for USART3_IRQHandler
    startup_stm32f10x_md.o(.text) refers (Special) to heapauxi.o(.text) for __use_two_region_memory
    startup_stm32f10x_md.o(.text) refers to system_stm32f10x.o(i.SystemInit) for SystemInit
    startup_stm32f10x_md.o(.text) refers to __main.o(!!!main) for __main
    startup_stm32f10x_md.o(.text) refers to startup_stm32f10x_md.o(HEAP) for Heap_Mem
    startup_stm32f10x_md.o(.text) refers to startup_stm32f10x_md.o(STACK) for Stack_Mem
    stm32f10x_adc.o(i.ADC_DeInit) refers to stm32f10x_rcc.o(i.RCC_APB2PeriphResetCmd) for RCC_APB2PeriphResetCmd
    stm32f10x_bkp.o(i.BKP_DeInit) refers to stm32f10x_rcc.o(i.RCC_BackupResetCmd) for RCC_BackupResetCmd
    stm32f10x_can.o(i.CAN_DeInit) refers to stm32f10x_rcc.o(i.RCC_APB1PeriphResetCmd) for RCC_APB1PeriphResetCmd
    stm32f10x_can.o(i.CAN_GetITStatus) refers to stm32f10x_can.o(i.CheckITStatus) for CheckITStatus
    stm32f10x_cec.o(i.CEC_DeInit) refers to stm32f10x_rcc.o(i.RCC_APB1PeriphResetCmd) for RCC_APB1PeriphResetCmd
    stm32f10x_dac.o(i.DAC_DeInit) refers to stm32f10x_rcc.o(i.RCC_APB1PeriphResetCmd) for RCC_APB1PeriphResetCmd
    stm32f10x_flash.o(i.FLASH_EnableWriteProtection) refers to stm32f10x_flash.o(i.FLASH_WaitForLastOperation) for FLASH_WaitForLastOperation
    stm32f10x_flash.o(i.FLASH_EraseAllBank1Pages) refers to stm32f10x_flash.o(i.FLASH_WaitForLastBank1Operation) for FLASH_WaitForLastBank1Operation
    stm32f10x_flash.o(i.FLASH_EraseAllPages) refers to stm32f10x_flash.o(i.FLASH_WaitForLastOperation) for FLASH_WaitForLastOperation
    stm32f10x_flash.o(i.FLASH_EraseOptionBytes) refers to stm32f10x_flash.o(i.FLASH_GetReadOutProtectionStatus) for FLASH_GetReadOutProtectionStatus
    stm32f10x_flash.o(i.FLASH_EraseOptionBytes) refers to stm32f10x_flash.o(i.FLASH_WaitForLastOperation) for FLASH_WaitForLastOperation
    stm32f10x_flash.o(i.FLASH_ErasePage) refers to stm32f10x_flash.o(i.FLASH_WaitForLastOperation) for FLASH_WaitForLastOperation
    stm32f10x_flash.o(i.FLASH_ProgramHalfWord) refers to stm32f10x_flash.o(i.FLASH_WaitForLastOperation) for FLASH_WaitForLastOperation
    stm32f10x_flash.o(i.FLASH_ProgramOptionByteData) refers to stm32f10x_flash.o(i.FLASH_WaitForLastOperation) for FLASH_WaitForLastOperation
    stm32f10x_flash.o(i.FLASH_ProgramWord) refers to stm32f10x_flash.o(i.FLASH_WaitForLastOperation) for FLASH_WaitForLastOperation
    stm32f10x_flash.o(i.FLASH_ReadOutProtection) refers to stm32f10x_flash.o(i.FLASH_WaitForLastOperation) for FLASH_WaitForLastOperation
    stm32f10x_flash.o(i.FLASH_UserOptionByteConfig) refers to stm32f10x_flash.o(i.FLASH_WaitForLastOperation) for FLASH_WaitForLastOperation
[...]
    i.SystemInit                             0x08004258   Section        0  system_stm32f10x.o(i.SystemInit)
    i.TIM2_IRQHandler                        0x080042b8   Section        0  timer.o(i.TIM2_IRQHandler)
    i.TIM2_Int_Init                          0x080042dc   Section        0  timer.o(i.TIM2_Int_Init)
    i.TIM4_IRQHandler                        0x0800433c   Section        0  timer.o(i.TIM4_IRQHandler)
    i.TIM_ClearITPendingBit                  0x08004370   Section        0  stm32f10x_tim.o(i.TIM_ClearITPendingBit)
    i.TIM_Cmd                                0x08004376   Section        0  stm32f10x_tim.o(i.TIM_Cmd)
    i.TIM_GetITStatus                        0x0800438e   Section        0  stm32f10x_tim.o(i.TIM_GetITStatus)
    i.TIM_ITConfig                           0x080043b0   Section        0  stm32f10x_tim.o(i.TIM_ITConfig)
    i.TIM_SetCounter                         0x080043c2   Section        0  stm32f10x_tim.o(i.TIM_SetCounter)
    i.TIM_TimeBaseInit                       0x080043c8   Section        0  stm32f10x_tim.o(i.TIM_TimeBaseInit)
    i.TimeEdit_Dec                           0x0800446c   Section        0  main.o(i.TimeEdit_Dec)
    TimeEdit_Dec                             0x0800446d   Thumb Code   140  main.o(i.TimeEdit_Dec)
    i.TimeEdit_Draw                          0x080044f8   Section        0  main.o(i.TimeEdit_Draw)
    TimeEdit_Draw                            0x080044f9   Thumb Code   244  main.o(i.TimeEdit_Draw)
    i.TimeEdit_Inc                           0x08004630   Section        0  main.o(i.TimeEdit_Inc)
    TimeEdit_Inc                             0x08004631   Thumb Code   150  main.o(i.TimeEdit_Inc)
    i.TimeEdit_Process                       0x080046c8   Section        0  main.o(i.TimeEdit_Process)
    TimeEdit_Process                         0x080046c9   Thumb Code   250  main.o(i.TimeEdit_Process)
    i.TriggerAlarm                           0x080047e4   Section        0  main.o(i.TriggerAlarm)
    TriggerAlarm                             0x080047e5   Thumb Code    16  main.o(i.TriggerAlarm)
    i.USART1_IRQHandler                      0x080047f8   Section        0  usart.o(i.USART1_IRQHandler)
    i.USART2_IRQHandler                      0x080048a0   Section        0  usart.o(i.USART2_IRQHandler)
    i.USART3_IRQHandler                      0x08004910   Section        0  tx510.o(i.USART3_IRQHandler)
    i.USART3_Init                            0x08004a28   Section        0  usart.o(i.USART3_Init)
    i.USART_ClearFlag                        0x08004ad8   Section        0  stm32f10x_usart.o(i.USART_ClearFlag)
    i.USART_Cmd                              0x08004aea   Section        0  stm32f10x_usart.o(i.USART_Cmd)
    i.USART_GetFlagStatus                    0x08004b02   Section        0  stm32f10x_usart.o(i.USART_GetFlagStatus)
    i.USART_GetITStatus                      0x08004b1c   Section        0  stm32f10x_usart.o(i.USART_GetITStatus)
    i.USART_ITConfig                         0x08004b70   Section        0  stm32f10x_usart.o(i.USART_ITConfig)
    i.USART_Init                             0x08004bbc   Section        0  stm32f10x_usart.o(i.USART_Init)
    i.USART_ReceiveData                      0x08004c94   Section        0  stm32f10x_usart.o(i.USART_ReceiveData)
    i.USART_SendData                         0x08004c9e   Section        0  stm32f10x_usart.o(i.USART_SendData)
    i.UsageFault_Handler                     0x08004ca6   Section        0  stm32f10x_it.o(i.UsageFault_Handler)
    i.Usart1_Init                            0x08004cac   Section        0  usart.o(i.Usart1_Init)
    i.UsartPrintf                            0x08004d58   Section        0  usart.o(i.UsartPrintf)
    i.WaitK210Delete                         0x08004da0   Section        0  main.o(i.WaitK210Delete)
    WaitK210Delete                           0x08004da1   Thumb Code   118  main.o(i.WaitK210Delete)
    i.WaitK210Register                       0x08004e24   Section        0  main.o(i.WaitK210Register)
    WaitK210Register                         0x08004e25   Thumb Code   120  main.o(i.WaitK210Register)
    i.Write_IIC_Byte                         0x08004ea8   Section        0  lcd.o(i.Write_IIC_Byte)
    i.Write_IIC_Command                      0x08004f04   Section        0  lcd.o(i.Write_IIC_Command)
    i.Write_IIC_Data                         0x08004f30   Section        0  lcd.o(i.Write_IIC_Data)
    i.__ARM_fpclassify                       0x08004f5c   Section        0  fpclassify.o(i.__ARM_fpclassify)
    i._is_digit                              0x08004f84   Section        0  __printf_wp.o(i._is_digit)
    i.delay_init                             0x08004f94   Section        0  delay.o(i.delay_init)
    i.delay_ms                               0x08004fd8   Section        0  delay.o(i.delay_ms)
    i.delay_us                               0x08005024   Section        0  delay.o(i.delay_us)
    i.input_init                             0x08005070   Section        0  ioput.o(i.input_init)
    i.key_scan                               0x0800509c   Section        0  ioput.o(i.key_scan)
    i.main                                   0x08005168   Section        0  main.o(i.main)
    i.output_init                            0x0800538c   Section        0  ioput.o(i.output_init)
    locale$$code                             0x080053dc   Section       44  lc_numeric_c.o(locale$$code)
    locale$$code                             0x08005408   Section       44  lc_ctype_c.o(locale$$code)
    x$fpl$printf1                            0x08005434   Section        4  printf1.o(x$fpl$printf1)
    x$fpl$printf2                            0x08005438   Section        4  printf2.o(x$fpl$printf2)
    .constdata                               0x0800543c   Section       17  usart.o(.constdata)
    x$fpl$usenofp                            0x0800543c   Section        0  usenofp.o(x$fpl$usenofp)
    lut                                      0x0800543c   Data          17  usart.o(.constdata)
    .constdata                               0x0800544d   Section     2088  lcd.o(.constdata)
    .constdata                               0x08005c75   Section       17  __printf_flags_ss_wp.o(.constdata)
    maptable                                 0x08005c75   Data          17  __printf_flags_ss_wp.o(.constdata)
    .constdata                               0x08005c88   Section        8  _printf_wctomb.o(.constdata)
    initial_mbstate                          0x08005c88   Data           8  _printf_wctomb.o(.constdata)
    .constdata                               0x08005c90   Section       40  _printf_hex_int_ll_ptr.o(.constdata)
    uc_hextab                                0x08005c90   Data          20  _printf_hex_int_ll_ptr.o(.constdata)
    lc_hextab                                0x08005ca4   Data          20  _printf_hex_int_ll_ptr.o(.constdata)
    .constdata                               0x08005cb8   Section       38  _printf_fp_hex.o(.constdata)
    lc_hextab                                0x08005cb8   Data          19  _printf_fp_hex.o(.constdata)
    uc_hextab                                0x08005ccb   Data          19  _printf_fp_hex.o(.constdata)
    .constdata                               0x08005ce0   Section      148  bigflt0.o(.constdata)
    tenpwrs_x                                0x08005ce0   Data          60  bigflt0.o(.constdata)
    tenpwrs_i                                0x08005d1c   Data          64  bigflt0.o(.constdata)
    .conststring                             0x08005d74   Section       84  main.o(.conststring)
    locale$$data                             0x08005de8   Section       28  lc_numeric_c.o(locale$$data)
    __lcnum_c_name                           0x08005dec   Data           2  lc_numeric_c.o(locale$$data)
    __lcnum_c_start                          0x08005df4   Data           0  lc_numeric_c.o(locale$$data)
    __lcnum_c_point                          0x08005e00   Data           0  lc_numeric_c.o(locale$$data)
    __lcnum_c_thousands                      0x08005e02   Data           0  lc_numeric_c.o(locale$$data)
    __lcnum_c_grouping                       0x08005e03   Data           0  lc_numeric_c.o(locale$$data)
    locale$$data                             0x08005e04   Section      272  lc_ctype_c.o(locale$$data)
    __lcnum_c_end                            0x08005e04   Data           0  lc_numeric_c.o(locale$$data)
    __lcctype_c_name                         0x08005e08   Data           2  lc_ctype_c.o(locale$$data)
    __lcctype_c_start                        0x08005e10   Data           0  lc_ctype_c.o(locale$$data)
    __lcctype_c_end                          0x08005f14   Data           0  lc_ctype_c.o(locale$$data)
    .data                                    0x20000000   Section       20  system_stm32f10x.o(.data)
    .data                                    0x20000014   Section       20  stm32f10x_rcc.o(.data)
    APBAHBPrescTable                         0x20000014   Data          16  stm32f10x_rcc.o(.data)
    ADCPrescTable                            0x20000024   Data           4  stm32f10x_rcc.o(.data)
    .data                                    0x20000028   Section      123  main.o(.data)
    Code                                     0x20000028   Data           6  main.o(.data)
    RtcTime                                  0x2000002e   Data           7  main.o(.data)
    door_state                               0x20000035   Data           1  main.o(.data)
    door_open_source                         0x20000036   Data           1  main.o(.data)
    ui_page                                  0x20000037   Data           1  main.o(.data)
    pir_state                                0x20000038   Data           1  main.o(.data)
    pir_last_state                           0x20000039   Data           1  main.o(.data)
    face_state                               0x2000003a   Data           1  main.o(.data)
    face_id                                  0x2000003b   Data           1  main.o(.data)
    face_total                               0x2000003c   Data           1  main.o(.data)
    face_fail_count                          0x2000003d   Data           1  main.o(.data)
    password_fail_count                      0x2000003e   Data           1  main.o(.data)
    admin_verified                           0x2000003f   Data           1  main.o(.data)
    admin_registered                         0x20000040   Data           1  main.o(.data)
    linger_triggered                         0x20000041   Data           1  main.o(.data)
    alarm_active                             0x20000042   Data           1  main.o(.data)
    unlock_latched                           0x20000043   Data           1  main.o(.data)
    linger_threshold_s                       0x20000044   Data           1  main.o(.data)
    oled_page_index                          0x20000045   Data           1  main.o(.data)
    alarm_reason                             0x20000046   Data           1  main.o(.data)
    op_face_result                           0x20000047   Data           1  main.o(.data)
    op_pwd_result                            0x20000048   Data           1  main.o(.data)
    op_face_manage                           0x20000049   Data           1  main.o(.data)
    door_open_tick                           0x2000004a   Data           2  main.o(.data)
    pir_start_tick                           0x2000004c   Data           2  main.o(.data)
    last_ui_tick                             0x2000004e   Data           2  main.o(.data)
    last_rtc_tick                            0x20000050   Data           2  main.o(.data)
    last_cloud_tick                          0x20000052   Data           2  main.o(.data)
    last_face_fail_tick                      0x20000054   Data           2  main.o(.data)
    last_esp_img_tick                        0x20000056   Data           2  main.o(.data)
    admin_verify_tick                        0x20000058   Data           2  main.o(.data)
    alarm_start_tick                         0x2000005a   Data           2  main.o(.data)
    last_open_stamp                          0x2000005c   Data          20  main.o(.data)
    last_linger_stamp                        0x20000070   Data          20  main.o(.data)
    last_alarm_stamp                         0x20000084   Data          20  main.o(.data)
    oled_line_valid                          0x20000098   Data           4  main.o(.data)
    stars                                    0x2000009c   Data           7  main.o(.data)
    .data                                    0x200000a4   Section        4  delay.o(.data)
    fac_us                                   0x200000a4   Data           1  delay.o(.data)
    fac_ms                                   0x200000a6   Data           2  delay.o(.data)
    .data                                    0x200000a8   Section       15  usart.o(.data)
    esp_cmd_ready                            0x200000aa   Data           1  usart.o(.data)
    esp_cmd                                  0x200000ab   Data           1  usart.o(.data)
    esp_value                                0x200000ac   Data           1  usart.o(.data)
    esp_in_frame                             0x200000ad   Data           1  usart.o(.data)
    esp_frame_len                            0x200000ae   Data           1  usart.o(.data)
    esp_frame                                0x200000af   Data           8  usart.o(.data)
    .data                                    0x200000b8   Section        2  timer.o(.data)
    .data                                    0x200000bc   Section    10000  lcd.o(.data)
    .data                                    0x200027cc   Section        2  ioput.o(.data)
    last_key                                 0x200027cd   Data           1  ioput.o(.data)
    .data                                    0x200027ce   Section       19  tx510.o(.data)
    rx_state                                 0x200027ce   Data           1  tx510.o(.data)
    rx_cmd                                   0x200027cf   Data           1  tx510.o(.data)
    rx_len                                   0x200027d0   Data           1  tx510.o(.data)
    rx_index                                 0x200027d1   Data           1  tx510.o(.data)
    face_state                               0x200027d2   Data           1  tx510.o(.data)
    face_id                                  0x200027d3   Data           1  tx510.o(.data)
    face_total                               0x200027d4   Data           1  tx510.o(.data)
    face_update                              0x200027d5   Data           1  tx510.o(.data)
    op_cmd                                   0x200027d6   Data           1  tx510.o(.data)
    op_result                                0x200027d7   Data           1  tx510.o(.data)
    op_slot                                  0x200027d8   Data           1  tx510.o(.data)
    op_total                                 0x200027d9   Data           1  tx510.o(.data)
    op_update                                0x200027da   Data           1  tx510.o(.data)
    gray_w                                   0x200027db   Data           1  tx510.o(.data)
    gray_h                                   0x200027dc   Data           1  tx510.o(.data)
    gray_seq                                 0x200027dd   Data           1  tx510.o(.data)
    gray_recv_count                          0x200027de   Data           2  tx510.o(.data)
    gray_ready                               0x200027e0   Data           1  tx510.o(.data)
    .bss                                     0x200027e4   Section      160  main.o(.bss)
    oled_line_cache                          0x200027e4   Data         160  main.o(.bss)
    .bss                                     0x20002884   Section      800  usart.o(.bss)
    .bss                                     0x20002ba4   Section      592  tx510.o(.bss)
    rx_buf                                   0x20002ba4   Data          80  tx510.o(.bss)
    gray_recv_map                            0x20002bf4   Data         256  tx510.o(.bss)
    gray_buf                                 0x20002cf4   Data         256  tx510.o(.bss)
    .bss                                     0x20002df4   Section       96  libspace.o(.bss)
    HEAP                                     0x20002e58   Section      512  startup_stm32f10x_md.o(HEAP)
    Heap_Mem                                 0x20002e58   Data         512  startup_stm32f10x_md.o(HEAP)
    STACK                                    0x20003058   Section     1024  startup_stm32f10x_md.o(STACK)
    Stack_Mem                                0x20003058   Data        1024  startup_stm32f10x_md.o(STACK)
    __initial_sp                             0x20003458   Data           0  startup_stm32f10x_md.o(STACK)

    Global Symbols

    Symbol Name                              Value     Ov Type        Size  Object(Section)

    BuildAttributes$$THM_ISAv4$P$D$K$B$S$PE$A:L22UL41UL21$X:L11$S22US41US21$IEEE1$IW$USESV6$~STKCKD$USESV7$~SHL$OTIME$ROPI$IEEEJ$EBA8$UX$STANDARDLIB$REQ8$PRES8$EABIv2 0x00000000   Number         0  anon$$obj.o ABSOLUTE
    __ARM_use_no_argv                        0x00000000   Number         0  main.o ABSOLUTE
    _printf_flags                            0x00000000   Number         0  printf_stubs.o ABSOLUTE
    _printf_return_value                     0x00000000   Number         0  printf_stubs.o ABSOLUTE
    _printf_sizespec                         0x00000000   Number         0  printf_stubs.o ABSOLUTE
    _printf_widthprec                        0x00000000   Number         0  printf_stubs.o ABSOLUTE
    __ARM_exceptions_init                     - Undefined Weak Reference
    __alloca_initialize                       - Undefined Weak Reference
    __arm_fini_                               - Undefined Weak Reference
    __arm_preinit_                            - Undefined Weak Reference
    __cpp_initialize__aeabi_                  - Undefined Weak Reference
    __cxa_finalize                            - Undefined Weak Reference
    __sigvec_lookup                           - Undefined Weak Reference
    _atexit_init                              - Undefined Weak Reference
    _call_atexit_fns                          - Undefined Weak Reference
    _clock_init                               - Undefined Weak Reference
    _fp_trap_init                             - Undefined Weak Reference
    _fp_trap_shutdown                         - Undefined Weak Reference
    _get_lc_collate                           - Undefined Weak Reference
    _get_lc_monetary                          - Undefined Weak Reference
    _get_lc_time                              - Undefined Weak Reference
    _getenv_init                              - Undefined Weak Reference
    _handle_redirection                       - Undefined Weak Reference
    _init_alloc                               - Undefined Weak Reference
    _init_user_alloc                          - Undefined Weak Reference
    _initio                                   - Undefined Weak Reference
    _printf_mbtowc                            - Undefined Weak Reference
    _printf_wc                                - Undefined Weak Reference
    _rand_init                                - Undefined Weak Reference
    _signal_finish                            - Undefined Weak Reference
    _signal_init                              - Undefined Weak Reference
    _terminate_alloc                          - Undefined Weak Reference
    _terminate_user_alloc                     - Undefined Weak Reference
    _terminateio                              - Undefined Weak Reference
    __Vectors_Size                           0x000000ec   Number         0  startup_stm32f10x_md.o ABSOLUTE
    __Vectors                                0x08000000   Data           4  startup_stm32f10x_md.o(RESET)
    __Vectors_End                            0x080000ec   Data           0  startup_stm32f10x_md.o(RESET)
    __main                                   0x080000ed   Thumb Code     8  __main.o(!!!main)
    __scatterload                            0x080000f5   Thumb Code     0  __scatter.o(!!!scatter)
    __scatterload_rt2                        0x080000f5   Thumb Code    44  __scatter.o(!!!scatter)
    __scatterload_rt2_thumb_only             0x080000f5   Thumb Code     0  __scatter.o(!!!scatter)
    __scatterload_null                       0x08000103   Thumb Code     0  __scatter.o(!!!scatter)
    __decompress                             0x08000129   Thumb Code   100  __dclz77c.o(!!dclz77c)
    __decompress2                            0x08000129   Thumb Code     0  __dclz77c.o(!!dclz77c)
    __scatterload_zeroinit                   0x0800018d   Thumb Code    28  __scatter_zi.o(!!handler_zi)
    _printf_n                                0x080001a9   Thumb Code     0  _printf_n.o(.ARM.Collect$$_printf_percent$$00000001)
    _printf_percent                          0x080001a9   Thumb Code     0  _printf_percent.o(.ARM.Collect$$_printf_percent$$00000000)
    _printf_p                                0x080001af   Thumb Code     0  _printf_p.o(.ARM.Collect$$_printf_percent$$00000002)
    _printf_f                                0x080001b5   Thumb Code     0  _printf_f.o(.ARM.Collect$$_printf_percent$$00000003)
    _printf_e                                0x080001bb   Thumb Code     0  _printf_e.o(.ARM.Collect$$_printf_percent$$00000004)
    _printf_g                                0x080001c1   Thumb Code     0  _printf_g.o(.ARM.Collect$$_printf_percent$$00000005)
    _printf_a                                0x080001c7   Thumb Code     0  _printf_a.o(.ARM.Collect$$_printf_percent$$00000006)
    _printf_ll                               0x080001cd   Thumb Code     0  _printf_ll.o(.ARM.Collect$$_printf_percent$$00000007)
    _printf_i                                0x080001d7   Thumb Code     0  _printf_i.o(.ARM.Collect$$_printf_percent$$00000008)
    _printf_d                                0x080001dd   Thumb Code     0  _printf_d.o(.ARM.Collect$$_printf_percent$$00000009)
    _printf_u                                0x080001e3   Thumb Code     0  _printf_u.o(.ARM.Collect$$_printf_percent$$0000000A)
    _printf_o                                0x080001e9   Thumb Code     0  _printf_o.o(.ARM.Collect$$_printf_percent$$0000000B)
    _printf_x                                0x080001ef   Thumb Code     0  _printf_x.o(.ARM.Collect$$_printf_percent$$0000000C)
    _printf_lli                              0x080001f5   Thumb Code     0  _printf_lli.o(.ARM.Collect$$_printf_percent$$0000000D)
    _printf_lld                              0x080001fb   Thumb Code     0  _printf_lld.o(.ARM.Collect$$_printf_percent$$0000000E)
    _printf_llu                              0x08000201   Thumb Code     0  _printf_llu.o(.ARM.Collect$$_printf_percent$$0000000F)
    _printf_llo                              0x08000207   Thumb Code     0  _printf_llo.o(.ARM.Collect$$_printf_percent$$00000010)
    _printf_llx                              0x0800020d   Thumb Code     0  _printf_llx.o(.ARM.Collect$$_printf_percent$$00000011)
    _printf_l                                0x08000213   Thumb Code     0  _printf_l.o(.ARM.Collect$$_printf_percent$$00000012)
    _printf_c                                0x0800021d   Thumb Code     0  _printf_c.o(.ARM.Collect$$_printf_percent$$00000013)
    _printf_s                                0x08000223   Thumb Code     0  _printf_s.o(.ARM.Collect$$_printf_percent$$00000014)
    _printf_lc                               0x08000229   Thumb Code     0  _printf_lc.o(.ARM.Collect$$_printf_percent$$00000015)
    _printf_ls                               0x0800022f   Thumb Code     0  _printf_ls.o(.ARM.Collect$$_printf_percent$$00000016)
    _printf_percent_end                      0x08000235   Thumb Code     0  _printf_percent_end.o(.ARM.Collect$$_printf_percent$$00000017)
    __rt_lib_init                            0x08000239   Thumb Code     0  libinit.o(.ARM.Collect$$libinit$$00000000)
    __rt_lib_init_fp_1                       0x0800023b   Thumb Code     0  libinit2.o(.ARM.Collect$$libinit$$00000002)
    __rt_lib_init_heap_1                     0x0800023b   Thumb Code     0  libinit2.o(.ARM.Collect$$libinit$$0000000A)
    __rt_lib_init_lc_common                  0x0800023b   Thumb Code     0  libinit2.o(.ARM.Collect$$libinit$$0000000F)
    __rt_lib_init_preinit_1                  0x0800023b   Thumb Code     0  libinit2.o(.ARM.Collect$$libinit$$00000004)
    __rt_lib_init_rand_1                     0x0800023b   Thumb Code     0  libinit2.o(.ARM.Collect$$libinit$$0000000E)
    __rt_lib_init_user_alloc_1               0x0800023b   Thumb Code     0  libinit2.o(.ARM.Collect$$libinit$$0000000C)
    __rt_lib_init_lc_collate_1               0x08000241   Thumb Code     0  libinit2.o(.ARM.Collect$$libinit$$00000011)
    __rt_lib_init_lc_ctype_2                 0x08000241   Thumb Code     0  libinit2.o(.ARM.Collect$$libinit$$00000012)
    __rt_lib_init_lc_ctype_1                 0x0800024d   Thumb Code     0  libinit2.o(.ARM.Collect$$libinit$$00000013)
    __rt_lib_init_lc_monetary_1              0x0800024d   Thumb Code     0  libinit2.o(.ARM.Collect$$libinit$$00000015)
    __rt_lib_init_lc_numeric_2               0x0800024d   Thumb Code     0  libinit2.o(.ARM.Collect$$libinit$$00000016)
    __rt_lib_init_alloca_1                   0x08000257   Thumb Code     0  libinit2.o(.ARM.Collect$$libinit$$0000002E)
    __rt_lib_init_argv_1                     0x08000257   Thumb Code     0  libinit2.o(.ARM.Collect$$libinit$$0000002C)
    __rt_lib_init_atexit_1                   0x08000257   Thumb Code     0  libinit2.o(.ARM.Collect$$libinit$$0000001B)
    __rt_lib_init_clock_1                    0x08000257   Thumb Code     0  libinit2.o(.ARM.Collect$$libinit$$00000021)
    __rt_lib_init_cpp_1                      0x08000257   Thumb Code     0  libinit2.o(.ARM.Collect$$libinit$$00000032)
    __rt_lib_init_exceptions_1               0x08000257   Thumb Code     0  libinit2.o(.ARM.Collect$$libinit$$00000030)
    __rt_lib_init_fp_trap_1                  0x08000257   Thumb Code     0  libinit2.o(.ARM.Collect$$libinit$$0000001F)
    __rt_lib_init_getenv_1                   0x08000257   Thumb Code     0  libinit2.o(.ARM.Collect$$libinit$$00000023)
    __rt_lib_init_lc_numeric_1               0x08000257   Thumb Code     0  libinit2.o(.ARM.Collect$$libinit$$00000017)
    __rt_lib_init_lc_time_1                  0x08000257   Thumb Code     0  libinit2.o(.ARM.Collect$$libinit$$00000019)
    __rt_lib_init_return                     0x08000257   Thumb Code     0  libinit2.o(.ARM.Collect$$libinit$$00000033)
    __rt_lib_init_signal_1                   0x08000257   Thumb Code     0  libinit2.o(.ARM.Collect$$libinit$$0000001D)
    __rt_lib_init_stdio_1                    0x08000257   Thumb Code     0  libinit2.o(.ARM.Collect$$libinit$$00000025)
    __rt_lib_shutdown                        0x08000259   Thumb Code     0  libshutdown.o(.ARM.Collect$$libshutdown$$00000000)
    __rt_lib_shutdown_cpp_1                  0x0800025b   Thumb Code     0  libshutdown2.o(.ARM.Collect$$libshutdown$$00000004)
    __rt_lib_shutdown_fini_1                 0x0800025b   Thumb Code     0  libshutdown2.o(.ARM.Collect$$libshutdown$$00000002)
    __rt_lib_shutdown_fp_trap_1              0x0800025b   Thumb Code     0  libshutdown2.o(.ARM.Collect$$libshutdown$$00000009)
    __rt_lib_shutdown_heap_1                 0x0800025b   Thumb Code     0  libshutdown2.o(.ARM.Collect$$libshutdown$$00000011)
    __rt_lib_shutdown_return                 0x0800025b   Thumb Code     0  libshutdown2.o(.ARM.Collect$$libshutdown$$00000012)
    __rt_lib_shutdown_signal_1               0x0800025b   Thumb Code     0  libshutdown2.o(.ARM.Collect$$libshutdown$$0000000C)
    __rt_lib_shutdown_stdio_1                0x0800025b   Thumb Code     0  libshutdown2.o(.ARM.Collect$$libshutdown$$00000006)
    __rt_lib_shutdown_user_alloc_1           0x0800025b   Thumb Code     0  libshutdown2.o(.ARM.Collect$$libshutdown$$0000000E)
    __rt_entry                               0x0800025d   Thumb Code     0  __rtentry.o(.ARM.Collect$$rtentry$$00000000)
    __rt_entry_presh_1                       0x0800025d   Thumb Code     0  __rtentry2.o(.ARM.Collect$$rtentry$$00000002)
    __rt_entry_sh                            0x0800025d   Thumb Code     0  __rtentry4.o(.ARM.Collect$$rtentry$$00000004)
    __rt_entry_li                            0x08000263   Thumb Code     0  __rtentry2.o(.ARM.Collect$$rtentry$$0000000A)
    __rt_entry_postsh_1                      0x08000263   Thumb Code     0  __rtentry2.o(.ARM.Collect$$rtentry$$00000009)
    __rt_entry_main                          0x08000267   Thumb Code     0  __rtentry2.o(.ARM.Collect$$rtentry$$0000000D)
    __rt_entry_postli_1                      0x08000267   Thumb Code     0  __rtentry2.o(.ARM.Collect$$rtentry$$0000000C)
    __rt_exit                                0x0800026f   Thumb Code     0  rtexit.o(.ARM.Collect$$rtexit$$00000000)
    __rt_exit_ls                             0x08000271   Thumb Code     0  rtexit2.o(.ARM.Collect$$rtexit$$00000003)
    __rt_exit_prels_1                        0x08000271   Thumb Code     0  rtexit2.o(.ARM.Collect$$rtexit$$00000002)
    __rt_exit_exit                           0x08000275   Thumb Code     0  rtexit2.o(.ARM.Collect$$rtexit$$00000004)
    Reset_Handler                            0x0800027d   Thumb Code     8  startup_stm32f10x_md.o(.text)
    ADC1_2_IRQHandler                        0x08000297   Thumb Code     0  startup_stm32f10x_md.o(.text)
    CAN1_RX1_IRQHandler                      0x08000297   Thumb Code     0  startup_stm32f10x_md.o(.text)
    CAN1_SCE_IRQHandler                      0x08000297   Thumb Code     0  startup_stm32f10x_md.o(.text)
    DMA1_Channel1_IRQHandler                 0x08000297   Thumb Code     0  startup_stm32f10x_md.o(.text)
    DMA1_Channel2_IRQHandler                 0x08000297   Thumb Code     0  startup_stm32f10x_md.o(.text)
    DMA1_Channel3_IRQHandler                 0x08000297   Thumb Code     0  startup_stm32f10x_md.o(.text)
    DMA1_Channel4_IRQHandler                 0x08000297   Thumb Code     0  startup_stm32f10x_md.o(.text)
    DMA1_Channel5_IRQHandler                 0x08000297   Thumb Code     0  startup_stm32f10x_md.o(.text)
    DMA1_Channel6_IRQHandler                 0x08000297   Thumb Code     0  startup_stm32f10x_md.o(.text)
    DMA1_Channel7_IRQHandler                 0x08000297   Thumb Code     0  startup_stm32f10x_md.o(.text)
    EXTI0_IRQHandler                         0x08000297   Thumb Code     0  startup_stm32f10x_md.o(.text)
    EXTI15_10_IRQHandler                     0x08000297   Thumb Code     0  startup_stm32f10x_md.o(.text)
    EXTI1_IRQHandler                         0x08000297   Thumb Code     0  startup_stm32f10x_md.o(.text)
    EXTI2_IRQHandler                         0x08000297   Thumb Code     0  startup_stm32f10x_md.o(.text)
    EXTI3_IRQHandler                         0x08000297   Thumb Code     0  startup_stm32f10x_md.o(.text)
    EXTI4_IRQHandler                         0x08000297   Thumb Code     0  startup_stm32f10x_md.o(.text)
    EXTI9_5_IRQHandler                       0x08000297   Thumb Code     0  startup_stm32f10x_md.o(.text)
    FLASH_IRQHandler                         0x08000297   Thumb Code     0  startup_stm32f10x_md.o(.text)
    I2C1_ER_IRQHandler                       0x08000297   Thumb Code     0  startup_stm32f10x_md.o(.text)
    I2C1_EV_IRQHandler                       0x08000297   Thumb Code     0  startup_stm32f10x_md.o(.text)
    I2C2_ER_IRQHandler                       0x08000297   Thumb Code     0  startup_stm32f10x_md.o(.text)
    I2C2_EV_IRQHandler                       0x08000297   Thumb Code     0  startup_stm32f10x_md.o(.text)
    PVD_IRQHandler                           0x08000297   Thumb Code     0  startup_stm32f10x_md.o(.text)
    RCC_IRQHandler                           0x08000297   Thumb Code     0  startup_stm32f10x_md.o(.text)
    RTCAlarm_IRQHandler                      0x08000297   Thumb Code     0  startup_stm32f10x_md.o(.text)
    RTC_IRQHandler                           0x08000297   Thumb Code     0  startup_stm32f10x_md.o(.text)
    SPI1_IRQHandler                          0x08000297   Thumb Code     0  startup_stm32f10x_md.o(.text)
    SPI2_IRQHandler                          0x08000297   Thumb Code     0  startup_stm32f10x_md.o(.text)
    TAMPER_IRQHandler                        0x08000297   Thumb Code     0  startup_stm32f10x_md.o(.text)
    TIM1_BRK_IRQHandler                      0x08000297   Thumb Code     0  startup_stm32f10x_md.o(.text)
    TIM1_CC_IRQHandler                       0x08000297   Thumb Code     0  startup_stm32f10x_md.o(.text)
    TIM1_TRG_COM_IRQHandler                  0x08000297   Thumb Code     0  startup_stm32f10x_md.o(.text)
    TIM1_UP_IRQHandler                       0x08000297   Thumb Code     0  startup_stm32f10x_md.o(.text)
    TIM3_IRQHandler                          0x08000297   Thumb Code     0  startup_stm32f10x_md.o(.text)
    USBWakeUp_IRQHandler                     0x08000297   Thumb Code     0  startup_stm32f10x_md.o(.text)
    USB_HP_CAN1_TX_IRQHandler                0x08000297   Thumb Code     0  startup_stm32f10x_md.o(.text)
    USB_LP_CAN1_RX0_IRQHandler               0x08000297   Thumb Code     0  startup_stm32f10x_md.o(.text)
    WWDG_IRQHandler                          0x08000297   Thumb Code     0  startup_stm32f10x_md.o(.text)
    __user_initial_stackheap                 0x08000299   Thumb Code     0  startup_stm32f10x_md.o(.text)
    vsnprintf                                0x080002bd   Thumb Code    48  vsnprintf.o(.text)
    __2snprintf                              0x080002f1   Thumb Code    50  __2snprintf.o(.text)
    _printf_pre_padding                      0x08000329   Thumb Code    44  _printf_pad.o(.text)
    _printf_post_padding                     0x08000355   Thumb Code    34  _printf_pad.o(.text)
    _printf_str                              0x08000377   Thumb Code    82  _printf_str.o(.text)
    _printf_int_dec                          0x080003c9   Thumb Code   104  _printf_dec.o(.text)
    __printf                                 0x08000441   Thumb Code   388  __printf_flags_ss_wp.o(.text)
    strchr                                   0x080005c9   Thumb Code    20  strchr.o(.text)
    memcmp                                   0x080005dd   Thumb Code    88  memcmp.o(.text)
    strcpy                                   0x08000635   Thumb Code    72  strcpy.o(.text)
    strncpy                                  0x0800067d   Thumb Code    86  strncpy.o(.text)
    strcmp                                   0x080006d5   Thumb Code   128  strcmpv7m.o(.text)
    __use_two_region_memory                  0x08000755   Thumb Code     2  heapauxi.o(.text)
    __rt_heap_escrow$2region                 0x08000757   Thumb Code     2  heapauxi.o(.text)
    __rt_heap_expand$2region                 0x08000759   Thumb Code     2  heapauxi.o(.text)
    _printf_truncate_signed                  0x0800075b   Thumb Code    18  _printf_truncate.o(.text)
    _printf_truncate_unsigned                0x0800076d   Thumb Code    18  _printf_truncate.o(.text)
    _printf_int_common                       0x0800077f   Thumb Code   178  _printf_intcommon.o(.text)
    _printf_charcount                        0x08000831   Thumb Code    40  _printf_charcount.o(.text)
    _printf_char_common                      0x08000863   Thumb Code    32  _printf_char_common.o(.text)
    _sputc                                   0x08000889   Thumb Code    10  _sputc.o(.text)
    _snputc                                  0x08000893   Thumb Code    16  _snputc.o(.text)
    _printf_cs_common                        0x080008a3   Thumb Code    20  _printf_char.o(.text)
    _printf_char                             0x080008b7   Thumb Code    16  _printf_char.o(.text)
    _printf_string                           0x080008c7   Thumb Code     8  _printf_char.o(.text)
    _printf_wctomb                           0x080008d1   Thumb Code   182  _printf_wctomb.o(.text)
    _printf_longlong_dec                     0x0800098d   Thumb Code   108  _printf_longlong_dec.o(.text)
    _printf_longlong_oct                     0x08000a09   Thumb Code    66  _printf_oct_int_ll.o(.text)
    _printf_int_oct                          0x08000a4b   Thumb Code    24  _printf_oct_int_ll.o(.text)
    _printf_ll_oct                           0x08000a63   Thumb Code    12  _printf_oct_int_ll.o(.text)
    _printf_longlong_hex                     0x08000a79   Thumb Code    86  _printf_hex_int_ll_ptr.o(.text)
    _printf_int_hex                          0x08000acf   Thumb Code    28  _printf_hex_int_ll_ptr.o(.text)
    _printf_ll_hex                           0x08000aeb   Thumb Code    12  _printf_hex_int_ll_ptr.o(.text)
    _printf_hex_ptr                          0x08000af7   Thumb Code    18  _printf_hex_int_ll_ptr.o(.text)
    __aeabi_memclr                           0x08000b0d   Thumb Code     0  rt_memclr.o(.text)
    __rt_memclr                              0x08000b0d   Thumb Code    68  rt_memclr.o(.text)
    _memset                                  0x08000b11   Thumb Code     0  rt_memclr.o(.text)
    _ll_udiv10                               0x08000b51   Thumb Code   138  lludiv10.o(.text)
    __lib_sel_fp_printf                      0x08000bdb   Thumb Code     2  _printf_fp_dec.o(.text)
    _printf_fp_dec_real                      0x08000d8d   Thumb Code   620  _printf_fp_dec.o(.text)
    _printf_fp_hex_real                      0x08000ff9   Thumb Code   756  _printf_fp_hex.o(.text)
    _printf_lcs_common                       0x080012f5   Thumb Code    20  _printf_wchar.o(.text)
    _printf_wchar                            0x08001309   Thumb Code    16  _printf_wchar.o(.text)
    _printf_wstring                          0x08001319   Thumb Code     8  _printf_wchar.o(.text)
    _wcrtomb                                 0x08001321   Thumb Code    64  _wcrtomb.o(.text)
    __aeabi_memclr4                          0x08001361   Thumb Code     0  rt_memclr_w.o(.text)
    __aeabi_memclr8                          0x08001361   Thumb Code     0  rt_memclr_w.o(.text)
    __rt_memclr_w                            0x08001361   Thumb Code    78  rt_memclr_w.o(.text)
    _memset_w                                0x08001365   Thumb Code     0  rt_memclr_w.o(.text)
    __user_setup_stackheap                   0x080013af   Thumb Code    74  sys_stackheap_outer.o(.text)
    __rt_ctype_table                         0x080013f9   Thumb Code    16  rt_ctype_table.o(.text)
    __rt_locale                              0x08001409   Thumb Code     8  rt_locale_intlibspace.o(.text)
    _printf_fp_infnan                        0x08001411   Thumb Code   112  _printf_fp_infnan.o(.text)
    _btod_etento                             0x08001491   Thumb Code   224  bigflt0.o(.text)
    exit                                     0x08001575   Thumb Code    18  exit.o(.text)
    __user_libspace                          0x08001589   Thumb Code     8  libspace.o(.text)
    __user_perproc_libspace                  0x08001589   Thumb Code     0  libspace.o(.text)
    __user_perthread_libspace                0x08001589   Thumb Code     0  libspace.o(.text)
    _sys_exit                                0x08001591   Thumb Code     8  sys_exit.o(.text)
    __I$use$semihosting                      0x0800159d   Thumb Code     0  use_no_semi.o(.text)
    __use_no_semihosting_swi                 0x0800159d   Thumb Code     2  use_no_semi.o(.text)
    __semihosting_library_function           0x0800159f   Thumb Code     0  indicate_semi.o(.text)
    _btod_d2e                                0x0800159f   Thumb Code    62  btod.o(CL$$btod_d2e)
    _d2e_denorm_low                          0x080015dd   Thumb Code    70  btod.o(CL$$btod_d2e_denorm_low)
    _d2e_norm_op1                            0x08001623   Thumb Code    96  btod.o(CL$$btod_d2e_norm_op1)
    __btod_div_common                        0x08001683   Thumb Code   696  btod.o(CL$$btod_div_common)
    _e2e                                     0x080019bb   Thumb Code   220  btod.o(CL$$btod_e2e)
    _btod_ediv                               0x08001a97   Thumb Code    42  btod.o(CL$$btod_ediv)
    _btod_emul                               0x08001ac1   Thumb Code    42  btod.o(CL$$btod_emul)
    __btod_mult_common                       0x08001aeb   Thumb Code   580  btod.o(CL$$btod_mult_common)
    BusFault_Handler                         0x08001e11   Thumb Code     4  stm32f10x_it.o(i.BusFault_Handler)
    DS1302_Init                              0x08001fc9   Thumb Code   122  ds1302.o(i.DS1302_Init)
    DS1302_ReadTime                          0x080020dd   Thumb Code   134  ds1302.o(i.DS1302_ReadTime)
    DS1302_TimeIsValid                       0x08002163   Thumb Code    66  ds1302.o(i.DS1302_TimeIsValid)
    DS1302_WriteTime                         0x0800222d   Thumb Code   140  ds1302.o(i.DS1302_WriteTime)
    DebugMon_Handler                         0x08002319   Thumb Code     2  stm32f10x_it.o(i.DebugMon_Handler)
    ESP01S_SendBlurEncryptedImage            0x0800247d   Thumb Code   398  usart.o(i.ESP01S_SendBlurEncryptedImage)
    ESP01S_SendLogLine                       0x08002631   Thumb Code    22  usart.o(i.ESP01S_SendLogLine)
    GB16_NUM                                 0x08002b91   Thumb Code    18  lcd.o(i.GB16_NUM)
    GPIO_Init                                0x08002ba9   Thumb Code   278  stm32f10x_gpio.o(i.GPIO_Init)
    GPIO_ResetBits                           0x08002cbf   Thumb Code     4  stm32f10x_gpio.o(i.GPIO_ResetBits)
    GPIO_SetBits                             0x08002cc3   Thumb Code     4  stm32f10x_gpio.o(i.GPIO_SetBits)
    HC_SR501Configuration                    0x08002cf9   Thumb Code    32  sr501.o(i.HC_SR501Configuration)
    HC_SR501_Status                          0x08002d1d   Thumb Code    14  sr501.o(i.HC_SR501_Status)
    HardFault_Handler                        0x08002d31   Thumb Code     4  stm32f10x_it.o(i.HardFault_Handler)
    IIC_Start                                0x08002d35   Thumb Code    44  lcd.o(i.IIC_Start)
    IIC_Stop                                 0x08002d65   Thumb Code    34  lcd.o(i.IIC_Stop)
    IIC_Wait_Ack                             0x08002d8d   Thumb Code    24  lcd.o(i.IIC_Wait_Ack)
    K210_ClearOpResult                       0x08002dc9   Thumb Code    12  tx510.o(i.K210_ClearOpResult)
    K210_FetchFaceUpdate                     0x08002dd9   Thumb Code    56  tx510.o(i.K210_FetchFaceUpdate)
    K210_FetchGrayImage                      0x08002e21   Thumb Code   120  tx510.o(i.K210_FetchGrayImage)
    K210_FetchOpResult                       0x08002ead   Thumb Code    64  tx510.o(i.K210_FetchOpResult)
    K210_SendDelete                          0x08003091   Thumb Code    18  tx510.o(i.K210_SendDelete)
    K210_SendRegister                        0x08003155   Thumb Code    18  tx510.o(i.K210_SendRegister)
    MemManage_Handler                        0x08003205   Thumb Code     4  stm32f10x_it.o(i.MemManage_Handler)
    NMI_Handler                              0x08003209   Thumb Code     2  stm32f10x_it.o(i.NMI_Handler)
    NVIC_Init                                0x0800320d   Thumb Code   100  misc.o(i.NVIC_Init)
    NVIC_PriorityGroupConfig                 0x0800327d   Thumb Code    10  misc.o(i.NVIC_PriorityGroupConfig)
    OLED_Clear                               0x08003291   Thumb Code    62  lcd.o(i.OLED_Clear)
    OLED_Init                                0x08003375   Thumb Code   282  lcd.o(i.OLED_Init)
    OLED_Set_Pos                             0x080034c9   Thumb Code    40  lcd.o(i.OLED_Set_Pos)
    OLED_ShowCH                              0x080034f1   Thumb Code   296  lcd.o(i.OLED_ShowCH)
    OLED_WR_Byte                             0x080036b5   Thumb Code    24  lcd.o(i.OLED_WR_Byte)
    PendSV_Handler                           0x08003b59   Thumb Code     2  stm32f10x_it.o(i.PendSV_Handler)
    RCC_APB1PeriphClockCmd                   0x08003b5d   Thumb Code    26  stm32f10x_rcc.o(i.RCC_APB1PeriphClockCmd)
    RCC_APB2PeriphClockCmd                   0x08003b7d   Thumb Code    26  stm32f10x_rcc.o(i.RCC_APB2PeriphClockCmd)
    RCC_GetClocksFreq                        0x08003b9d   Thumb Code   192  stm32f10x_rcc.o(i.RCC_GetClocksFreq)
    SVC_Handler                              0x08003ca1   Thumb Code     2  stm32f10x_it.o(i.SVC_Handler)
    SysTick_CLKSourceConfig                  0x0800422d   Thumb Code    40  misc.o(i.SysTick_CLKSourceConfig)
    SysTick_Handler                          0x08004255   Thumb Code     2  stm32f10x_it.o(i.SysTick_Handler)
    SystemInit                               0x08004259   Thumb Code    78  system_stm32f10x.o(i.SystemInit)
    TIM2_IRQHandler                          0x080042b9   Thumb Code    32  timer.o(i.TIM2_IRQHandler)
    TIM2_Int_Init                            0x080042dd   Thumb Code    94  timer.o(i.TIM2_Int_Init)
    TIM4_IRQHandler                          0x0800433d   Thumb Code    42  timer.o(i.TIM4_IRQHandler)
    TIM_ClearITPendingBit                    0x08004371   Thumb Code     6  stm32f10x_tim.o(i.TIM_ClearITPendingBit)
    TIM_Cmd                                  0x08004377   Thumb Code    24  stm32f10x_tim.o(i.TIM_Cmd)
    TIM_GetITStatus                          0x0800438f   Thumb Code    34  stm32f10x_tim.o(i.TIM_GetITStatus)
    TIM_ITConfig                             0x080043b1   Thumb Code    18  stm32f10x_tim.o(i.TIM_ITConfig)
    TIM_SetCounter                           0x080043c3   Thumb Code     4  stm32f10x_tim.o(i.TIM_SetCounter)
    TIM_TimeBaseInit                         0x080043c9   Thumb Code   122  stm32f10x_tim.o(i.TIM_TimeBaseInit)
    USART1_IRQHandler                        0x080047f9   Thumb Code   140  usart.o(i.USART1_IRQHandler)
    USART2_IRQHandler                        0x080048a1   Thumb Code    94  usart.o(i.USART2_IRQHandler)
    USART3_IRQHandler                        0x08004911   Thumb Code   256  tx510.o(i.USART3_IRQHandler)
    USART3_Init                              0x08004a29   Thumb Code   168  usart.o(i.USART3_Init)
    USART_ClearFlag                          0x08004ad9   Thumb Code    18  stm32f10x_usart.o(i.USART_ClearFlag)
    USART_Cmd                                0x08004aeb   Thumb Code    24  stm32f10x_usart.o(i.USART_Cmd)
    USART_GetFlagStatus                      0x08004b03   Thumb Code    26  stm32f10x_usart.o(i.USART_GetFlagStatus)
    USART_GetITStatus                        0x08004b1d   Thumb Code    84  stm32f10x_usart.o(i.USART_GetITStatus)
    USART_ITConfig                           0x08004b71   Thumb Code    74  stm32f10x_usart.o(i.USART_ITConfig)
    USART_Init                               0x08004bbd   Thumb Code   210  stm32f10x_usart.o(i.USART_Init)
    USART_ReceiveData                        0x08004c95   Thumb Code    10  stm32f10x_usart.o(i.USART_ReceiveData)
    USART_SendData                           0x08004c9f   Thumb Code     8  stm32f10x_usart.o(i.USART_SendData)
    UsageFault_Handler                       0x08004ca7   Thumb Code     4  stm32f10x_it.o(i.UsageFault_Handler)
    Usart1_Init                              0x08004cad   Thumb Code   164  usart.o(i.Usart1_Init)
    UsartPrintf                              0x08004d59   Thumb Code    72  usart.o(i.UsartPrintf)
    Write_IIC_Byte                           0x08004ea9   Thumb Code    88  lcd.o(i.Write_IIC_Byte)
    Write_IIC_Command                        0x08004f05   Thumb Code    44  lcd.o(i.Write_IIC_Command)
    Write_IIC_Data                           0x08004f31   Thumb Code    44  lcd.o(i.Write_IIC_Data)
    __ARM_fpclassify                         0x08004f5d   Thumb Code    40  fpclassify.o(i.__ARM_fpclassify)
    _is_digit                                0x08004f85   Thumb Code    14  __printf_wp.o(i._is_digit)
    delay_init                               0x08004f95   Thumb Code    50  delay.o(i.delay_init)
    delay_ms                                 0x08004fd9   Thumb Code    72  delay.o(i.delay_ms)
    delay_us                                 0x08005025   Thumb Code    72  delay.o(i.delay_us)
    input_init                               0x08005071   Thumb Code    38  ioput.o(i.input_init)
    key_scan                                 0x0800509d   Thumb Code   200  ioput.o(i.key_scan)
    main                                     0x08005169   Thumb Code   514  main.o(i.main)
    output_init                              0x0800538d   Thumb Code    74  ioput.o(i.output_init)
    _get_lc_numeric                          0x080053dd   Thumb Code    44  lc_numeric_c.o(locale$$code)
    _get_lc_ctype                            0x08005409   Thumb Code    44  lc_ctype_c.o(locale$$code)
    _printf_fp_dec                           0x08005435   Thumb Code     4  printf1.o(x$fpl$printf1)
    _printf_fp_hex                           0x08005439   Thumb Code     4  printf2.o(x$fpl$printf2)
    __I$use$fp                               0x0800543c   Number         0  usenofp.o(x$fpl$usenofp)
    F6x8                                     0x0800544d   Data         552  lcd.o(.constdata)
    F8X16                                    0x08005675   Data        1536  lcd.o(.constdata)
    Region$$Table$$Base                      0x08005dc8   Number         0  anon$$obj.o(Region$$Table)
    Region$$Table$$Limit                     0x08005de8   Number         0  anon$$obj.o(Region$$Table)
    __ctype                                  0x08005e11   Data           0  lc_ctype_c.o(locale$$data)
    SystemCoreClock                          0x20000000   Data           4  system_stm32f10x.o(.data)
    AHBPrescTable                            0x20000004   Data          16  system_stm32f10x.o(.data)
    USART2_RX_STA                            0x200000a8   Data           2  usart.o(.data)
    time_count                               0x200000b8   Data           2  timer.o(.data)
    Hzk2                                     0x200000bc   Data          64  lcd.o(.data)
    Hzk                                      0x200000fc   Data        9536  lcd.o(.data)
    hz_index                                 0x2000263c   Data         299  lcd.o(.data)
    zf_index                                 0x20002767   Data          96  lcd.o(.data)
    HZ                                       0x200027c8   Data           4  lcd.o(.data)
    key_num                                  0x200027cc   Data           1  ioput.o(.data)
    USART2_RX_BUF                            0x20002884   Data         400  usart.o(.bss)
    USART2_TX_BUF                            0x20002a14   Data         400  usart.o(.bss)
    __libspace_start                         0x20002df4   Data          96  libspace.o(.bss)
    __temporary_stack_top$libspace           0x20002e54   Data           0  libspace.o(.bss)



==============================================================================

Memory Map of the image

  Image Entry point : 0x080000ed

  Load Region LR_IROM1 (Base: 0x08000000, Size: 0x000086f8, Max: 0x00010000, ABSOLUTE, COMPRESSED[0x00006ddc])

    Execution Region ER_IROM1 (Exec base: 0x08000000, Load base: 0x08000000, Size: 0x00005f14, Max: 0x00010000, ABSOLUTE)

    Exec Addr    Load Addr    Size         Type   Attr      Idx    E Section Name        Object

    0x08000000   0x08000000   0x000000ec   Data   RO          132    RESET               startup_stm32f10x_md.o
    0x080000ec   0x080000ec   0x00000008   Code   RO         4506  * !!!main             c_w.l(__main.o)
    0x080000f4   0x080000f4   0x00000034   Code   RO         4826    !!!scatter          c_w.l(__scatter.o)
    0x08000128   0x08000128   0x00000064   Code   RO         4824    !!dclz77c           c_w.l(__dclz77c.o)
    0x0800018c   0x0800018c   0x0000001c   Code   RO         4828    !!handler_zi        c_w.l(__scatter_zi.o)
    0x080001a8   0x080001a8   0x00000000   Code   RO         4491    .ARM.Collect$$_printf_percent$$00000000  c_w.l(_printf_percent.o)
    0x080001a8   0x080001a8   0x00000006   Code   RO         4574    .ARM.Collect$$_printf_percent$$00000001  c_w.l(_printf_n.o)
    0x080001ae   0x080001ae   0x00000006   Code   RO         4576    .ARM.Collect$$_printf_percent$$00000002  c_w.l(_printf_p.o)
    0x080001b4   0x080001b4   0x00000006   Code   RO         4580    .ARM.Collect$$_printf_percent$$00000003  c_w.l(_printf_f.o)
    0x080001ba   0x080001ba   0x00000006   Code   RO         4581    .ARM.Collect$$_printf_percent$$00000004  c_w.l(_printf_e.o)
    0x080001c0   0x080001c0   0x00000006   Code   RO         4582    .ARM.Collect$$_printf_percent$$00000005  c_w.l(_printf_g.o)
    0x080001c6   0x080001c6   0x00000006   Code   RO         4583    .ARM.Collect$$_printf_percent$$00000006  c_w.l(_printf_a.o)
    0x080001cc   0x080001cc   0x0000000a   Code   RO         4588    .ARM.Collect$$_printf_percent$$00000007  c_w.l(_printf_ll.o)
    0x080001d6   0x080001d6   0x00000006   Code   RO         4578    .ARM.Collect$$_printf_percent$$00000008  c_w.l(_printf_i.o)
    0x080001dc   0x080001dc   0x00000006   Code   RO         4490    .ARM.Collect$$_printf_percent$$00000009  c_w.l(_printf_d.o)
    0x080001e2   0x080001e2   0x00000006   Code   RO         4579    .ARM.Collect$$_printf_percent$$0000000A  c_w.l(_printf_u.o)
    0x080001e8   0x080001e8   0x00000006   Code   RO         4577    .ARM.Collect$$_printf_percent$$0000000B  c_w.l(_printf_o.o)
    0x080001ee   0x080001ee   0x00000006   Code   RO         4575    .ARM.Collect$$_printf_percent$$0000000C  c_w.l(_printf_x.o)
    0x080001f4   0x080001f4   0x00000006   Code   RO         4585    .ARM.Collect$$_printf_percent$$0000000D  c_w.l(_printf_lli.o)
    0x080001fa   0x080001fa   0x00000006   Code   RO         4586    .ARM.Collect$$_printf_percent$$0000000E  c_w.l(_printf_lld.o)
    0x08000200   0x08000200   0x00000006   Code   RO         4587    .ARM.Collect$$_printf_percent$$0000000F  c_w.l(_printf_llu.o)
    0x08000206   0x08000206   0x00000006   Code   RO         4592    .ARM.Collect$$_printf_percent$$00000010  c_w.l(_printf_llo.o)
    0x0800020c   0x0800020c   0x00000006   Code   RO         4593    .ARM.Collect$$_printf_percent$$00000011  c_w.l(_printf_llx.o)
    0x08000212   0x08000212   0x0000000a   Code   RO         4589    .ARM.Collect$$_printf_percent$$00000012  c_w.l(_printf_l.o)
    0x0800021c   0x0800021c   0x00000006   Code   RO         4573    .ARM.Collect$$_printf_percent$$00000013  c_w.l(_printf_c.o)
    0x08000222   0x08000222   0x00000006   Code   RO         4489    .ARM.Collect$$_printf_percent$$00000014  c_w.l(_printf_s.o)
    0x08000228   0x08000228   0x00000006   Code   RO         4590    .ARM.Collect$$_printf_percent$$00000015  c_w.l(_printf_lc.o)
    0x0800022e   0x0800022e   0x00000006   Code   RO         4591    .ARM.Collect$$_printf_percent$$00000016  c_w.l(_printf_ls.o)
    0x08000234   0x08000234   0x00000004   Code   RO         4584    .ARM.Collect$$_printf_percent$$00000017  c_w.l(_printf_percent_end.o)
    0x08000238   0x08000238   0x00000002   Code   RO         4685    .ARM.Collect$$libinit$$00000000  c_w.l(libinit.o)
    0x0800023a   0x0800023a   0x00000000   Code   RO         4699    .ARM.Collect$$libinit$$00000002  c_w.l(libinit2.o)
    0x0800023a   0x0800023a   0x00000000   Code   RO         4701    .ARM.Collect$$libinit$$00000004  c_w.l(libinit2.o)
    0x0800023a   0x0800023a   0x00000000   Code   RO         4704    .ARM.Collect$$libinit$$0000000A  c_w.l(libinit2.o)
    0x0800023a   0x0800023a   0x00000000   Code   RO         4706    .ARM.Collect$$libinit$$0000000C  c_w.l(libinit2.o)
    0x0800023a   0x0800023a   0x00000000   Code   RO         4708    .ARM.Collect$$libinit$$0000000E  c_w.l(libinit2.o)
    0x0800023a   0x0800023a   0x00000006   Code   RO         4709    .ARM.Collect$$libinit$$0000000F  c_w.l(libinit2.o)
    0x08000240   0x08000240   0x00000000   Code   RO         4711    .ARM.Collect$$libinit$$00000011  c_w.l(libinit2.o)
    0x08000240   0x08000240   0x0000000c   Code   RO         4712    .ARM.Collect$$libinit$$00000012  c_w.l(libinit2.o)
    0x0800024c   0x0800024c   0x00000000   Code   RO         4713    .ARM.Collect$$libinit$$00000013  c_w.l(libinit2.o)
    0x0800024c   0x0800024c   0x00000000   Code   RO         4715    .ARM.Collect$$libinit$$00000015  c_w.l(libinit2.o)
    0x0800024c   0x0800024c   0x0000000a   Code   RO         4716    .ARM.Collect$$libinit$$00000016  c_w.l(libinit2.o)
    0x08000256   0x08000256   0x00000000   Code   RO         4717    .ARM.Collect$$libinit$$00000017  c_w.l(libinit2.o)
    0x08000256   0x08000256   0x00000000   Code   RO         4719    .ARM.Collect$$libinit$$00000019  c_w.l(libinit2.o)
    0x08000256   0x08000256   0x00000000   Code   RO         4721    .ARM.Collect$$libinit$$0000001B  c_w.l(libinit2.o)
    0x08000256   0x08000256   0x00000000   Code   RO         4723    .ARM.Collect$$libinit$$0000001D  c_w.l(libinit2.o)
    0x08000256   0x08000256   0x00000000   Code   RO         4725    .ARM.Collect$$libinit$$0000001F  c_w.l(libinit2.o)
    0x08000256   0x08000256   0x00000000   Code   RO         4727    .ARM.Collect$$libinit$$00000021  c_w.l(libinit2.o)
    0x08000256   0x08000256   0x00000000   Code   RO         4729    .ARM.Collect$$libinit$$00000023  c_w.l(libinit2.o)
    0x08000256   0x08000256   0x00000000   Code   RO         4731    .ARM.Collect$$libinit$$00000025  c_w.l(libinit2.o)
    0x08000256   0x08000256   0x00000000   Code   RO         4735    .ARM.Collect$$libinit$$0000002C  c_w.l(libinit2.o)
    0x08000256   0x08000256   0x00000000   Code   RO         4737    .ARM.Collect$$libinit$$0000002E  c_w.l(libinit2.o)
    0x08000256   0x08000256   0x00000000   Code   RO         4739    .ARM.Collect$$libinit$$00000030  c_w.l(libinit2.o)
    0x08000256   0x08000256   0x00000000   Code   RO         4741    .ARM.Collect$$libinit$$00000032  c_w.l(libinit2.o)
    0x08000256   0x08000256   0x00000002   Code   RO         4742    .ARM.Collect$$libinit$$00000033  c_w.l(libinit2.o)
    0x08000258   0x08000258   0x00000002   Code   RO         4762    .ARM.Collect$$libshutdown$$00000000  c_w.l(libshutdown.o)
    0x0800025a   0x0800025a   0x00000000   Code   RO         4775    .ARM.Collect$$libshutdown$$00000002  c_w.l(libshutdown2.o)
    0x0800025a   0x0800025a   0x00000000   Code   RO         4777    .ARM.Collect$$libshutdown$$00000004  c_w.l(libshutdown2.o)
    0x0800025a   0x0800025a   0x00000000   Code   RO         4779    .ARM.Collect$$libshutdown$$00000006  c_w.l(libshutdown2.o)
    0x0800025a   0x0800025a   0x00000000   Code   RO         4782    .ARM.Collect$$libshutdown$$00000009  c_w.l(libshutdown2.o)
    0x0800025a   0x0800025a   0x00000000   Code   RO         4785    .ARM.Collect$$libshutdown$$0000000C  c_w.l(libshutdown2.o)
    0x0800025a   0x0800025a   0x00000000   Code   RO         4787    .ARM.Collect$$libshutdown$$0000000E  c_w.l(libshutdown2.o)
    0x0800025a   0x0800025a   0x00000000   Code   RO         4790    .ARM.Collect$$libshutdown$$00000011  c_w.l(libshutdown2.o)
    0x0800025a   0x0800025a   0x00000002   Code   RO         4791    .ARM.Collect$$libshutdown$$00000012  c_w.l(libshutdown2.o)
    0x0800025c   0x0800025c   0x00000000   Code   RO         4526    .ARM.Collect$$rtentry$$00000000  c_w.l(__rtentry.o)
    0x0800025c   0x0800025c   0x00000000   Code   RO         4610    .ARM.Collect$$rtentry$$00000002  c_w.l(__rtentry2.o)
    0x0800025c   0x0800025c   0x00000006   Code   RO         4622    .ARM.Collect$$rtentry$$00000004  c_w.l(__rtentry4.o)
    0x08000262   0x08000262   0x00000000   Code   RO         4612    .ARM.Collect$$rtentry$$00000009  c_w.l(__rtentry2.o)
    0x08000262   0x08000262   0x00000004   Code   RO         4613    .ARM.Collect$$rtentry$$0000000A  c_w.l(__rtentry2.o)
    0x08000266   0x08000266   0x00000000   Code   RO         4615    .ARM.Collect$$rtentry$$0000000C  c_w.l(__rtentry2.o)
    0x08000266   0x08000266   0x00000008   Code   RO         4616    .ARM.Collect$$rtentry$$0000000D  c_w.l(__rtentry2.o)
    0x0800026e   0x0800026e   0x00000002   Code   RO         4693    .ARM.Collect$$rtexit$$00000000  c_w.l(rtexit.o)
    0x08000270   0x08000270   0x00000000   Code   RO         4744    .ARM.Collect$$rtexit$$00000002  c_w.l(rtexit2.o)
    0x08000270   0x08000270   0x00000004   Code   RO         4745    .ARM.Collect$$rtexit$$00000003  c_w.l(rtexit2.o)
    0x08000274   0x08000274   0x00000006   Code   RO         4746    .ARM.Collect$$rtexit$$00000004  c_w.l(rtexit2.o)
    0x0800027a   0x0800027a   0x00000002   PAD
    0x0800027c   0x0800027c   0x00000040   Code   RO          133    .text               startup_stm32f10x_md.o
    0x080002bc   0x080002bc   0x00000034   Code   RO         4455    .text               c_w.l(vsnprintf.o)
    0x080002f0   0x080002f0   0x00000038   Code   RO         4457    .text               c_w.l(__2snprintf.o)
    0x08000328   0x08000328   0x0000004e   Code   RO         4463    .text               c_w.l(_printf_pad.o)
    0x08000376   0x08000376   0x00000052   Code   RO         4465    .text               c_w.l(_printf_str.o)
    0x080003c8   0x080003c8   0x00000078   Code   RO         4467    .text               c_w.l(_printf_dec.o)
    0x08000440   0x08000440   0x00000188   Code   RO         4486    .text               c_w.l(__printf_flags_ss_wp.o)
    0x080005c8   0x080005c8   0x00000014   Code   RO         4492    .text               c_w.l(strchr.o)
    0x080005dc   0x080005dc   0x00000058   Code   RO         4496    .text               c_w.l(memcmp.o)
    0x08000634   0x08000634   0x00000048   Code   RO         4498    .text               c_w.l(strcpy.o)
    0x0800067c   0x0800067c   0x00000056   Code   RO         4500    .text               c_w.l(strncpy.o)
    0x080006d2   0x080006d2   0x00000002   PAD
    0x080006d4   0x080006d4   0x00000080   Code   RO         4502    .text               c_w.l(strcmpv7m.o)
    0x08000754   0x08000754   0x00000006   Code   RO         4504    .text               c_w.l(heapauxi.o)
    0x0800075a   0x0800075a   0x00000024   Code   RO         4527    .text               c_w.l(_printf_truncate.o)
    0x0800077e   0x0800077e   0x000000b2   Code   RO         4529    .text               c_w.l(_printf_intcommon.o)
    0x08000830   0x08000830   0x00000028   Code   RO         4531    .text               c_w.l(_printf_charcount.o)
    0x08000858   0x08000858   0x00000030   Code   RO         4533    .text               c_w.l(_printf_char_common.o)
    0x08000888   0x08000888   0x0000000a   Code   RO         4535    .text               c_w.l(_sputc.o)
    0x08000892   0x08000892   0x00000010   Code   RO         4537    .text               c_w.l(_snputc.o)
    0x080008a2   0x080008a2   0x0000002c   Code   RO         4539    .text               c_w.l(_printf_char.o)
    0x080008ce   0x080008ce   0x00000002   PAD
    0x080008d0   0x080008d0   0x000000bc   Code   RO         4541    .text               c_w.l(_printf_wctomb.o)
    0x0800098c   0x0800098c   0x0000007c   Code   RO         4544    .text               c_w.l(_printf_longlong_dec.o)
    0x08000a08   0x08000a08   0x00000070   Code   RO         4550    .text               c_w.l(_printf_oct_int_ll.o)
    0x08000a78   0x08000a78   0x00000094   Code   RO         4570    .text               c_w.l(_printf_hex_int_ll_ptr.o)
    0x08000b0c   0x08000b0c   0x00000044   Code   RO         4594    .text               c_w.l(rt_memclr.o)
    0x08000b50   0x08000b50   0x0000008a   Code   RO         4624    .text               c_w.l(lludiv10.o)
    0x08000bda   0x08000bda   0x0000041e   Code   RO         4626    .text               c_w.l(_printf_fp_dec.o)
    0x08000ff8   0x08000ff8   0x000002fc   Code   RO         4628    .text               c_w.l(_printf_fp_hex.o)
    0x080012f4   0x080012f4   0x0000002c   Code   RO         4633    .text               c_w.l(_printf_wchar.o)
    0x08001320   0x08001320   0x00000040   Code   RO         4635    .text               c_w.l(_wcrtomb.o)
    0x08001360   0x08001360   0x0000004e   Code   RO         4637    .text               c_w.l(rt_memclr_w.o)
    0x080013ae   0x080013ae   0x0000004a   Code   RO         4639    .text               c_w.l(sys_stackheap_outer.o)
    0x080013f8   0x080013f8   0x00000010   Code   RO         4641    .text               c_w.l(rt_ctype_table.o)
    0x08001408   0x08001408   0x00000008   Code   RO         4646    .text               c_w.l(rt_locale_intlibspace.o)
    0x08001410   0x08001410   0x00000080   Code   RO         4648    .text               c_w.l(_printf_fp_infnan.o)
    0x08001490   0x08001490   0x000000e4   Code   RO         4650    .text               c_w.l(bigflt0.o)
    0x08001574   0x08001574   0x00000012   Code   RO         4678    .text               c_w.l(exit.o)
    0x08001586   0x08001586   0x00000002   PAD
    0x08001588   0x08001588   0x00000008   Code   RO         4690    .text               c_w.l(libspace.o)
    0x08001590   0x08001590   0x0000000c   Code   RO         4754    .text               c_w.l(sys_exit.o)
    0x0800159c   0x0800159c   0x00000002   Code   RO         4765    .text               c_w.l(use_no_semi.o)
    0x0800159e   0x0800159e   0x00000000   Code   RO         4767    .text               c_w.l(indicate_semi.o)
    0x0800159e   0x0800159e   0x0000003e   Code   RO         4653    CL$$btod_d2e        c_w.l(btod.o)
    0x080015dc   0x080015dc   0x00000046   Code   RO         4655    CL$$btod_d2e_denorm_low  c_w.l(btod.o)
    0x08001622   0x08001622   0x00000060   Code   RO         4654    CL$$btod_d2e_norm_op1  c_w.l(btod.o)
    0x08001682   0x08001682   0x00000338   Code   RO         4663    CL$$btod_div_common  c_w.l(btod.o)
    0x080019ba   0x080019ba   0x000000dc   Code   RO         4660    CL$$btod_e2e        c_w.l(btod.o)
    0x08001a96   0x08001a96   0x0000002a   Code   RO         4657    CL$$btod_ediv       c_w.l(btod.o)
    0x08001ac0   0x08001ac0   0x0000002a   Code   RO         4656    CL$$btod_emul       c_w.l(btod.o)
    0x08001aea   0x08001aea   0x00000244   Code   RO         4662    CL$$btod_mult_common  c_w.l(btod.o)
    0x08001d2e   0x08001d2e   0x00000002   PAD
    0x08001d30   0x08001d30   0x00000038   Code   RO         3129    i.Alarm_Set         main.o
    0x08001d68   0x08001d68   0x00000040   Code   RO         3130    i.Alarm_Task        main.o
    0x08001da8   0x08001da8   0x00000014   Code   RO         4359    i.BcdToDec          ds1302.o
    0x08001dbc   0x08001dbc   0x00000054   Code   RO         3131    i.BuildStamp        main.o
    0x08001e10   0x08001e10   0x00000004   Code   RO         3424    i.BusFault_Handler  stm32f10x_it.o
    0x08001e14   0x08001e14   0x0000006a   Code   RO         3132    i.ClampTime         main.o
    0x08001e7e   0x08001e7e   0x00000002   PAD
    0x08001e80   0x08001e80   0x00000110   Code   RO         3133    i.Cloud_ReportTask  main.o
    0x08001f90   0x08001f90   0x0000001c   Code   RO         4360    i.DS1302_IO_ModeIn  ds1302.o
    0x08001fac   0x08001fac   0x0000001c   Code   RO         4361    i.DS1302_IO_ModeOut  ds1302.o
    0x08001fc8   0x08001fc8   0x00000088   Code   RO         4362    i.DS1302_Init       ds1302.o
    0x08002050   0x08002050   0x00000048   Code   RO         4363    i.DS1302_ReadByte   ds1302.o
    0x08002098   0x08002098   0x00000044   Code   RO         4364    i.DS1302_ReadReg    ds1302.o
    0x080020dc   0x080020dc   0x00000086   Code   RO         4365    i.DS1302_ReadTime   ds1302.o
    0x08002162   0x08002162   0x00000042   Code   RO         4366    i.DS1302_TimeIsValid  ds1302.o
    0x080021a4   0x080021a4   0x00000044   Code   RO         4367    i.DS1302_WriteByte  ds1302.o
    0x080021e8   0x080021e8   0x00000044   Code   RO         4368    i.DS1302_WriteReg   ds1302.o
    0x0800222c   0x0800222c   0x0000008c   Code   RO         4369    i.DS1302_WriteTime  ds1302.o
    0x080022b8   0x080022b8   0x00000060   Code   RO         3134    i.DaysInMonth       main.o
    0x08002318   0x08002318   0x00000002   Code   RO         3425    i.DebugMon_Handler  stm32f10x_it.o
    0x0800231a   0x0800231a   0x0000001a   Code   RO         4370    i.DecToBcd          ds1302.o
    0x08002334   0x08002334   0x00000034   Code   RO         3135    i.DoorOpenByPassword_Process  main.o
    0x08002368   0x08002368   0x00000054   Code   RO         3136    i.DoorOpen_Process  main.o
    0x080023bc   0x080023bc   0x0000001c   Code   RO         3137    i.Door_OpenAllowed  main.o
    0x080023d8   0x080023d8   0x00000014   Code   RO         3138    i.Door_OpenBy       main.o
    0x080023ec   0x080023ec   0x0000004c   Code   RO         3139    i.Door_Set          main.o
    0x08002438   0x08002438   0x00000030   Code   RO         3140    i.Door_Task         main.o
    0x08002468   0x08002468   0x00000012   Code   RO         3548    i.ESP01S_EncryptByte  usart.o
    0x0800247a   0x0800247a   0x00000002   PAD
    0x0800247c   0x0800247c   0x000001b4   Code   RO         3549    i.ESP01S_SendBlurEncryptedImage  usart.o
    0x08002630   0x08002630   0x00000028   Code   RO         3550    i.ESP01S_SendLogLine  usart.o
    0x08002658   0x08002658   0x0000006a   Code   RO         3141    i.ESP_BuildFaceStub  main.o
    0x080026c2   0x080026c2   0x00000002   PAD
    0x080026c4   0x080026c4   0x000001b4   Code   RO         3142    i.FaceDelete_Process  main.o
    0x08002878   0x08002878   0x00000150   Code   RO         3143    i.FaceRegister_Process  main.o
    0x080029c8   0x080029c8   0x000001c8   Code   RO         3144    i.Face_BackgroundTask  main.o
    0x08002b90   0x08002b90   0x00000018   Code   RO         3702    i.GB16_NUM          lcd.o
    0x08002ba8   0x08002ba8   0x00000116   Code   RO         1311    i.GPIO_Init         stm32f10x_gpio.o
    0x08002cbe   0x08002cbe   0x00000004   Code   RO         1318    i.GPIO_ResetBits    stm32f10x_gpio.o
    0x08002cc2   0x08002cc2   0x00000004   Code   RO         1319    i.GPIO_SetBits      stm32f10x_gpio.o
    0x08002cc6   0x08002cc6   0x00000002   PAD
    0x08002cc8   0x08002cc8   0x00000030   Code   RO         3145    i.GetLingerSeconds  main.o
    0x08002cf8   0x08002cf8   0x00000024   Code   RO         4432    i.HC_SR501Configuration  sr501.o
    0x08002d1c   0x08002d1c   0x00000014   Code   RO         4433    i.HC_SR501_Status   sr501.o
    0x08002d30   0x08002d30   0x00000004   Code   RO         3426    i.HardFault_Handler  stm32f10x_it.o
    0x08002d34   0x08002d34   0x00000030   Code   RO         3703    i.IIC_Start         lcd.o
    0x08002d64   0x08002d64   0x00000028   Code   RO         3704    i.IIC_Stop          lcd.o
    0x08002d8c   0x08002d8c   0x0000001c   Code   RO         3705    i.IIC_Wait_Ack      lcd.o
    0x08002da8   0x08002da8   0x0000001e   Code   RO         4227    i.K210_Checksum     tx510.o
    0x08002dc6   0x08002dc6   0x00000002   PAD
    0x08002dc8   0x08002dc8   0x00000010   Code   RO         4230    i.K210_ClearOpResult  tx510.o
    0x08002dd8   0x08002dd8   0x00000048   Code   RO         4231    i.K210_FetchFaceUpdate  tx510.o
    0x08002e20   0x08002e20   0x0000008c   Code   RO         4232    i.K210_FetchGrayImage  tx510.o
    0x08002eac   0x08002eac   0x00000054   Code   RO         4233    i.K210_FetchOpResult  tx510.o
    0x08002f00   0x08002f00   0x00000190   Code   RO         4235    i.K210_HandleFrame  tx510.o
    0x08003090   0x08003090   0x00000012   Code   RO         4237    i.K210_SendDelete   tx510.o
    0x080030a2   0x080030a2   0x00000002   PAD
    0x080030a4   0x080030a4   0x000000b0   Code   RO         4238    i.K210_SendFrame    tx510.o
    0x08003154   0x08003154   0x00000012   Code   RO         4239    i.K210_SendRegister  tx510.o
    0x08003166   0x08003166   0x00000002   PAD
    0x08003168   0x08003168   0x00000024   Code   RO         4058    i.Key_AllRowsLow    ioput.o
    0x0800318c   0x0800318c   0x00000078   Code   RO         4059    i.Key_ScanRow       ioput.o
    0x08003204   0x08003204   0x00000004   Code   RO         3427    i.MemManage_Handler  stm32f10x_it.o
    0x08003208   0x08003208   0x00000002   Code   RO         3428    i.NMI_Handler       stm32f10x_it.o
    0x0800320a   0x0800320a   0x00000002   PAD
    0x0800320c   0x0800320c   0x00000070   Code   RO          137    i.NVIC_Init         misc.o
    0x0800327c   0x0800327c   0x00000014   Code   RO          138    i.NVIC_PriorityGroupConfig  misc.o
    0x08003290   0x08003290   0x0000003e   Code   RO         3706    i.OLED_Clear        lcd.o
    0x080032ce   0x080032ce   0x0000000c   Code   RO         3146    i.OLED_ClearPage    main.o
    0x080032da   0x080032da   0x0000009a   Code   RO         3147    i.OLED_FormatLine   main.o
    0x08003374   0x08003374   0x00000124   Code   RO         3710    i.OLED_Init         lcd.o
    0x08003498   0x08003498   0x0000000c   Code   RO         3148    i.OLED_InvalidateCache  main.o
    0x080034a4   0x080034a4   0x00000024   Code   RO         3149    i.OLED_LineSlot     main.o
    0x080034c8   0x080034c8   0x00000028   Code   RO         3712    i.OLED_Set_Pos      lcd.o
    0x080034f0   0x080034f0   0x0000013c   Code   RO         3713    i.OLED_ShowCH       lcd.o
    0x0800362c   0x0800362c   0x00000010   Code   RO         3150    i.OLED_ShowLineASCII  main.o
    0x0800363c   0x0800363c   0x00000078   Code   RO         3151    i.OLED_ShowLineCH   main.o
    0x080036b4   0x080036b4   0x00000018   Code   RO         3720    i.OLED_WR_Byte      lcd.o
    0x080036cc   0x080036cc   0x00000090   Code   RO         3152    i.PIR_Task          main.o
    0x0800375c   0x0800375c   0x000001f0   Code   RO         3153    i.PasswordChange_Process  main.o
    0x0800394c   0x0800394c   0x0000004c   Code   RO         3154    i.PasswordModifyWithOld_Process  main.o
    0x08003998   0x08003998   0x00000050   Code   RO         3155    i.Password_DrawMask  main.o
    0x080039e8   0x080039e8   0x000000e8   Code   RO         3156    i.Password_InputToBuffer  main.o
    0x08003ad0   0x08003ad0   0x0000001c   Code   RO         3157    i.Password_VerifyCurrent  main.o
    0x08003aec   0x08003aec   0x0000006c   Code   RO         3158    i.Password_VerifyLine  main.o
    0x08003b58   0x08003b58   0x00000002   Code   RO         3429    i.PendSV_Handler    stm32f10x_it.o
    0x08003b5a   0x08003b5a   0x00000002   PAD
    0x08003b5c   0x08003b5c   0x00000020   Code   RO         1727    i.RCC_APB1PeriphClockCmd  stm32f10x_rcc.o
    0x08003b7c   0x08003b7c   0x00000020   Code   RO         1729    i.RCC_APB2PeriphClockCmd  stm32f10x_rcc.o
    0x08003b9c   0x08003b9c   0x000000d4   Code   RO         1737    i.RCC_GetClocksFreq  stm32f10x_rcc.o
    0x08003c70   0x08003c70   0x00000030   Code   RO         3159    i.RTC_Task          main.o
    0x08003ca0   0x08003ca0   0x00000002   Code   RO         3430    i.SVC_Handler       stm32f10x_it.o
    0x08003ca2   0x08003ca2   0x00000002   PAD
    0x08003ca4   0x08003ca4   0x00000014   Code   RO         3160    i.SaveCurrentStamp  main.o
    0x08003cb8   0x08003cb8   0x00000008   Code   RO           17    i.SetSysClock       system_stm32f10x.o
    0x08003cc0   0x08003cc0   0x000000e0   Code   RO           18    i.SetSysClockTo72   system_stm32f10x.o
    0x08003da0   0x08003da0   0x00000100   Code   RO         3161    i.ShowAdminPage     main.o
    0x08003ea0   0x08003ea0   0x0000033c   Code   RO         3163    i.ShowIdlePage      main.o
    0x080041dc   0x080041dc   0x00000050   Code   RO         3164    i.ShowTimedMessage  main.o
    0x0800422c   0x0800422c   0x00000028   Code   RO          141    i.SysTick_CLKSourceConfig  misc.o
    0x08004254   0x08004254   0x00000002   Code   RO         3431    i.SysTick_Handler   stm32f10x_it.o
    0x08004256   0x08004256   0x00000002   PAD
    0x08004258   0x08004258   0x00000060   Code   RO           20    i.SystemInit        system_stm32f10x.o
    0x080042b8   0x080042b8   0x00000024   Code   RO         3654    i.TIM2_IRQHandler   timer.o
    0x080042dc   0x080042dc   0x0000005e   Code   RO         3655    i.TIM2_Int_Init     timer.o
    0x0800433a   0x0800433a   0x00000002   PAD
    0x0800433c   0x0800433c   0x00000034   Code   RO         3657    i.TIM4_IRQHandler   timer.o
    0x08004370   0x08004370   0x00000006   Code   RO         2356    i.TIM_ClearITPendingBit  stm32f10x_tim.o
    0x08004376   0x08004376   0x00000018   Code   RO         2361    i.TIM_Cmd           stm32f10x_tim.o
    0x0800438e   0x0800438e   0x00000022   Code   RO         2382    i.TIM_GetITStatus   stm32f10x_tim.o
    0x080043b0   0x080043b0   0x00000012   Code   RO         2386    i.TIM_ITConfig      stm32f10x_tim.o
    0x080043c2   0x080043c2   0x00000004   Code   RO         2426    i.TIM_SetCounter    stm32f10x_tim.o
    0x080043c6   0x080043c6   0x00000002   PAD
    0x080043c8   0x080043c8   0x000000a4   Code   RO         2432    i.TIM_TimeBaseInit  stm32f10x_tim.o
    0x0800446c   0x0800446c   0x0000008c   Code   RO         3167    i.TimeEdit_Dec      main.o
    0x080044f8   0x080044f8   0x00000138   Code   RO         3168    i.TimeEdit_Draw     main.o
    0x08004630   0x08004630   0x00000096   Code   RO         3169    i.TimeEdit_Inc      main.o
    0x080046c6   0x080046c6   0x00000002   PAD
    0x080046c8   0x080046c8   0x0000011c   Code   RO         3170    i.TimeEdit_Process  main.o
    0x080047e4   0x080047e4   0x00000014   Code   RO         3171    i.TriggerAlarm      main.o
    0x080047f8   0x080047f8   0x000000a8   Code   RO         3554    i.USART1_IRQHandler  usart.o
    0x080048a0   0x080048a0   0x00000070   Code   RO         3555    i.USART2_IRQHandler  usart.o
    0x08004910   0x08004910   0x00000118   Code   RO         4240    i.USART3_IRQHandler  tx510.o
    0x08004a28   0x08004a28   0x000000b0   Code   RO         3556    i.USART3_Init       usart.o
    0x08004ad8   0x08004ad8   0x00000012   Code   RO         2893    i.USART_ClearFlag   stm32f10x_usart.o
    0x08004aea   0x08004aea   0x00000018   Code   RO         2897    i.USART_Cmd         stm32f10x_usart.o
    0x08004b02   0x08004b02   0x0000001a   Code   RO         2900    i.USART_GetFlagStatus  stm32f10x_usart.o
    0x08004b1c   0x08004b1c   0x00000054   Code   RO         2901    i.USART_GetITStatus  stm32f10x_usart.o
    0x08004b70   0x08004b70   0x0000004a   Code   RO         2903    i.USART_ITConfig    stm32f10x_usart.o
    0x08004bba   0x08004bba   0x00000002   PAD
    0x08004bbc   0x08004bbc   0x000000d8   Code   RO         2904    i.USART_Init        stm32f10x_usart.o
    0x08004c94   0x08004c94   0x0000000a   Code   RO         2911    i.USART_ReceiveData  stm32f10x_usart.o
    0x08004c9e   0x08004c9e   0x00000008   Code   RO         2914    i.USART_SendData    stm32f10x_usart.o
    0x08004ca6   0x08004ca6   0x00000004   Code   RO         3432    i.UsageFault_Handler  stm32f10x_it.o
    0x08004caa   0x08004caa   0x00000002   PAD
    0x08004cac   0x08004cac   0x000000ac   Code   RO         3557    i.Usart1_Init       usart.o
    0x08004d58   0x08004d58   0x00000048   Code   RO         3559    i.UsartPrintf       usart.o
    0x08004da0   0x08004da0   0x00000084   Code   RO         3173    i.WaitK210Delete    main.o
    0x08004e24   0x08004e24   0x00000084   Code   RO         3174    i.WaitK210Register  main.o
    0x08004ea8   0x08004ea8   0x0000005c   Code   RO         3721    i.Write_IIC_Byte    lcd.o
    0x08004f04   0x08004f04   0x0000002c   Code   RO         3722    i.Write_IIC_Command  lcd.o
    0x08004f30   0x08004f30   0x0000002c   Code   RO         3723    i.Write_IIC_Data    lcd.o
    0x08004f5c   0x08004f5c   0x00000028   Code   RO         4688    i.__ARM_fpclassify  m_ws.l(fpclassify.o)
    0x08004f84   0x08004f84   0x0000000e   Code   RO         4479    i._is_digit         c_w.l(__printf_wp.o)
    0x08004f92   0x08004f92   0x00000002   PAD
    0x08004f94   0x08004f94   0x00000044   Code   RO         3487    i.delay_init        delay.o
    0x08004fd8   0x08004fd8   0x0000004c   Code   RO         3488    i.delay_ms          delay.o
    0x08005024   0x08005024   0x0000004c   Code   RO         3489    i.delay_us          delay.o
    0x08005070   0x08005070   0x0000002c   Code   RO         4060    i.input_init        ioput.o
    0x0800509c   0x0800509c   0x000000cc   Code   RO         4061    i.key_scan          ioput.o
    0x08005168   0x08005168   0x00000224   Code   RO         3175    i.main              main.o
    0x0800538c   0x0800538c   0x00000050   Code   RO         4062    i.output_init       ioput.o
    0x080053dc   0x080053dc   0x0000002c   Code   RO         4676    locale$$code        c_w.l(lc_numeric_c.o)
    0x08005408   0x08005408   0x0000002c   Code   RO         4696    locale$$code        c_w.l(lc_ctype_c.o)
    0x08005434   0x08005434   0x00000004   Code   RO         4600    x$fpl$printf1       fz_ws.l(printf1.o)
    0x08005438   0x08005438   0x00000004   Code   RO         4602    x$fpl$printf2       fz_ws.l(printf2.o)
    0x0800543c   0x0800543c   0x00000000   Code   RO         4608    x$fpl$usenofp       fz_ws.l(usenofp.o)
    0x0800543c   0x0800543c   0x00000011   Data   RO         3562    .constdata          usart.o
    0x0800544d   0x0800544d   0x00000828   Data   RO         3726    .constdata          lcd.o
    0x08005c75   0x08005c75   0x00000011   Data   RO         4487    .constdata          c_w.l(__printf_flags_ss_wp.o)
    0x08005c86   0x08005c86   0x00000002   PAD
    0x08005c88   0x08005c88   0x00000008   Data   RO         4542    .constdata          c_w.l(_printf_wctomb.o)
    0x08005c90   0x08005c90   0x00000028   Data   RO         4571    .constdata          c_w.l(_printf_hex_int_ll_ptr.o)
    0x08005cb8   0x08005cb8   0x00000026   Data   RO         4629    .constdata          c_w.l(_printf_fp_hex.o)
    0x08005cde   0x08005cde   0x00000002   PAD
    0x08005ce0   0x08005ce0   0x00000094   Data   RO         4651    .constdata          c_w.l(bigflt0.o)
    0x08005d74   0x08005d74   0x00000054   Data   RO         3177    .conststring        main.o
    0x08005dc8   0x08005dc8   0x00000020   Data   RO         4822    Region$$Table       anon$$obj.o
    0x08005de8   0x08005de8   0x0000001c   Data   RO         4675    locale$$data        c_w.l(lc_numeric_c.o)
    0x08005e04   0x08005e04   0x00000110   Data   RO         4695    locale$$data        c_w.l(lc_ctype_c.o)


    Execution Region RW_IRAM1 (Exec base: 0x20000000, Load base: 0x08005f14, Size: 0x00003458, Max: 0x00005000, ABSOLUTE, COMPRESSED[0x00000ec8])

    Exec Addr    Load Addr    Size         Type   Attr      Idx    E Section Name        Object

    0x20000000   COMPRESSED   0x00000014   Data   RW           21    .data               system_stm32f10x.o
    0x20000014   COMPRESSED   0x00000014   Data   RW         1757    .data               stm32f10x_rcc.o
    0x20000028   COMPRESSED   0x0000007b   Data   RW         3178    .data               main.o
    0x200000a3   COMPRESSED   0x00000001   PAD
    0x200000a4   COMPRESSED   0x00000004   Data   RW         3490    .data               delay.o
    0x200000a8   COMPRESSED   0x0000000f   Data   RW         3563    .data               usart.o
    0x200000b7   COMPRESSED   0x00000001   PAD
    0x200000b8   COMPRESSED   0x00000002   Data   RW         3659    .data               timer.o
    0x200000ba   COMPRESSED   0x00000002   PAD
    0x200000bc   COMPRESSED   0x00002710   Data   RW         3727    .data               lcd.o
    0x200027cc   COMPRESSED   0x00000002   Data   RW         4063    .data               ioput.o
    0x200027ce   COMPRESSED   0x00000013   Data   RW         4242    .data               tx510.o
    0x200027e1   COMPRESSED   0x00000003   PAD
    0x200027e4        -       0x000000a0   Zero   RW         3176    .bss                main.o
    0x20002884        -       0x00000320   Zero   RW         3561    .bss                usart.o
    0x20002ba4        -       0x00000250   Zero   RW         4241    .bss                tx510.o
    0x20002df4        -       0x00000060   Zero   RW         4691    .bss                c_w.l(libspace.o)
    0x20002e54   COMPRESSED   0x00000004   PAD
    0x20002e58        -       0x00000200   Zero   RW          131    HEAP                startup_stm32f10x_md.o
    0x20003058        -       0x00000400   Zero   RW          130    STACK               startup_stm32f10x_md.o


==============================================================================

Image component sizes


      Code (inc. data)   RO Data    RW Data    ZI Data      Debug   Object Name

         0          0          0          0          0       4580   core_cm3.o
       220         26          0          4          0       1839   delay.o
       854         56          0          0          0       7760   ds1302.o
       484         32          0          2          0       3332   ioput.o
      1054         54       2088      10000          0       8507   lcd.o
      6832       1540         84        123        160      29983   main.o
       172         22          0          0          0     205553   misc.o
        56         10          0          0          0       1058   sr501.o
        64         26        236          0       1536        836   startup_stm32f10x_md.o
       286          0          0          0          0       3076   stm32f10x_gpio.o
        26          0          0          0          0       4118   stm32f10x_it.o
       276         32          0         20          0       4494   stm32f10x_rcc.o
       250         42          0          0          0       4167   stm32f10x_tim.o
       460          6          0          0          0       6839   stm32f10x_usart.o
       328         28          0         20          0      45913   system_stm32f10x.o
       182         14          0          2          0       1953   timer.o
      1234        154          0         19        592       8445   tx510.o
      1194        118         17         15        800       8007   usart.o

    ----------------------------------------------------------------------
     14004       2160       2457      10212       3088     350460   Object Totals
         0          0         32          0          0          0   (incl. Generated)
        32          0          0          7          0          0   (incl. Padding)

    ----------------------------------------------------------------------

      Code (inc. data)   RO Data    RW Data    ZI Data      Debug   Library Member Name

        56          6          0          0          0         88   __2snprintf.o
       100          0          0          0          0          0   __dclz77c.o
         8          0          0          0          0         68   __main.o
       392          4         17          0          0         92   __printf_flags_ss_wp.o
        14          0          0          0          0         68   __printf_wp.o
         0          0          0          0          0          0   __rtentry.o
        12          0          0          0          0          0   __rtentry2.o
         6          0          0          0          0          0   __rtentry4.o
        52          8          0          0          0          0   __scatter.o
        28          0          0          0          0          0   __scatter_zi.o
         6          0          0          0          0          0   _printf_a.o
         6          0          0          0          0          0   _printf_c.o
        44          0          0          0          0        108   _printf_char.o
        48          6          0          0          0         96   _printf_char_common.o
        40          0          0          0          0         68   _printf_charcount.o
         6          0          0          0          0          0   _printf_d.o
       120         16          0          0          0         92   _printf_dec.o
         6          0          0          0          0          0   _printf_e.o
         6          0          0          0          0          0   _printf_f.o
      1054          0          0          0          0        216   _printf_fp_dec.o
       764          8         38          0          0        100   _printf_fp_hex.o
       128         16          0          0          0         84   _printf_fp_infnan.o
         6          0          0          0          0          0   _printf_g.o
       148          4         40          0          0        160   _printf_hex_int_ll_ptr.o
         6          0          0          0          0          0   _printf_i.o
       178          0          0          0          0         88   _printf_intcommon.o
        10          0          0          0          0          0   _printf_l.o
         6          0          0          0          0          0   _printf_lc.o
        10          0          0          0          0          0   _printf_ll.o
         6          0          0          0          0          0   _printf_lld.o
         6          0          0          0          0          0   _printf_lli.o
         6          0          0          0          0          0   _printf_llo.o
         6          0          0          0          0          0   _printf_llu.o
         6          0          0          0          0          0   _printf_llx.o
       124         16          0          0          0         92   _printf_longlong_dec.o
         6          0          0          0          0          0   _printf_ls.o
         6          0          0          0          0          0   _printf_n.o
         6          0          0          0          0          0   _printf_o.o
       112         10          0          0          0        124   _printf_oct_int_ll.o
         6          0          0          0          0          0   _printf_p.o
        78          0          0          0          0        108   _printf_pad.o
         0          0          0          0          0          0   _printf_percent.o
         4          0          0          0          0          0   _printf_percent_end.o
         6          0          0          0          0          0   _printf_s.o
        82          0          0          0          0         80   _printf_str.o
        36          0          0          0          0         84   _printf_truncate.o
         6          0          0          0          0          0   _printf_u.o
        44          0          0          0          0        108   _printf_wchar.o
       188          6          8          0          0         92   _printf_wctomb.o
         6          0          0          0          0          0   _printf_x.o
        16          0          0          0          0         68   _snputc.o
        10          0          0          0          0         68   _sputc.o
        64          0          0          0          0         92   _wcrtomb.o
       228          4        148          0          0         96   bigflt0.o
      1936        128          0          0          0        672   btod.o
        18          0          0          0          0         80   exit.o
         6          0          0          0          0        152   heapauxi.o
         0          0          0          0          0          0   indicate_semi.o
        44         10        272          0          0         76   lc_ctype_c.o
        44         10         28          0          0         76   lc_numeric_c.o
         2          0          0          0          0          0   libinit.o
        30          0          0          0          0          0   libinit2.o
         2          0          0          0          0          0   libshutdown.o
         2          0          0          0          0          0   libshutdown2.o
         8          4          0          0         96         68   libspace.o
       138          0          0          0          0         80   lludiv10.o
        88          0          0          0          0         76   memcmp.o
        16          4          0          0          0         76   rt_ctype_table.o
         8          4          0          0          0         68   rt_locale_intlibspace.o
        68          0          0          0          0         68   rt_memclr.o
        78          0          0          0          0         80   rt_memclr_w.o
         2          0          0          0          0          0   rtexit.o
        10          0          0          0          0          0   rtexit2.o
        20          0          0          0          0         68   strchr.o
       128          0          0          0          0         68   strcmpv7m.o
        72          0          0          0          0         80   strcpy.o
        86          0          0          0          0         76   strncpy.o
        12          4          0          0          0         68   sys_exit.o
        74          0          0          0          0         80   sys_stackheap_outer.o
         2          0          0          0          0         68   use_no_semi.o
        52          4          0          0          0         80   vsnprintf.o
         4          0          0          0          0         68   printf1.o
         4          0          0          0          0         68   printf2.o
         0          0          0          0          0          0   usenofp.o
        40          0          0          0          0         68   fpclassify.o

    ----------------------------------------------------------------------
      7324        272        555          0        100       4704   Library Totals
        12          0          4          0          4          0   (incl. Padding)

    ----------------------------------------------------------------------

      Code (inc. data)   RO Data    RW Data    ZI Data      Debug   Library Name

      7264        272        551          0         96       4500   c_w.l
         8          0          0          0          0        136   fz_ws.l
        40          0          0          0          0         68   m_ws.l

    ----------------------------------------------------------------------
      7324        272        555          0        100       4704   Library Totals

    ----------------------------------------------------------------------

==============================================================================


      Code (inc. data)   RO Data    RW Data    ZI Data      Debug   

     21328       2432       3012      10212       3188     345852   Grand Totals
     21328       2432       3012       3784       3188     345852   ELF Image Totals (compressed)
     21328       2432       3012       3784          0          0   ROM Totals

==============================================================================

    Total RO  Size (Code + RO Data)                24340 (  23.77kB)
    Total RW  Size (RW Data + ZI Data)             13400 (  13.09kB)
    Total ROM Size (Code + RO Data + RW Data)      28124 (  27.46kB)

==============================================================================

