<html>
<body>
<pre>
<h1>µVision Build Log</h1>
<h2>Tool Versions:</h2>
IDE-Version: ¦ÌVision V5.42.0.0
Copyright (C) 2025 ARM Ltd and ARM Germany GmbH. All rights reserved.
License Information: 1 1, 11, LIC=YA39H-WX3XM-ARGXW-Q0A10-EXBRK-X7UB3
 
Tool Versions:
Toolchain:       MDK-ARM Plus  Version: 5.42.0.0
Toolchain Path:  C:\Users\ab\AppData\Local\Keil_v5\ARM\ARMCC\Bin
C Compiler:      Armcc.exe V5.06 update 7 (build 960)
Assembler:       Armasm.exe V5.06 update 7 (build 960)
Linker/Locator:  ArmLink.exe V5.06 update 7 (build 960)
Library Manager: ArmAr.exe V5.06 update 7 (build 960)
Hex Converter:   FromElf.exe V5.06 update 7 (build 960)
CPU DLL:         SARMCM3.DLL V5.42.0.0
Dialog DLL:      DCM.DLL V1.17.5.0
Target DLL:      Segger\JL2CM3.dll V2.99.45.0
Dialog DLL:      TCM.DLL V1.56.6.0
 
<h2>Project:</h2>
C:\Users\ab\Desktop\Project\Pro_07_Face_Door_git\-Face-recognition-on-K210\STM32F103_Template-16key2\Project.uvprojx
Project File Date:  04/30/2026

<h2>Output:</h2>
*** Using Compiler 'V5.06 update 7 (build 960)', folder: 'C:\Users\ab\AppData\Local\Keil_v5\ARM\ARMCC\Bin'
Build target 'Target 1'
compiling TX510.c...
compiling timer.c...
compiling usart.c...
compiling as608.c...
compiling main.c...
User\main.c(57): warning:  #550-D: variable "door_open_source"  was set but never used
  static u8 door_open_source = OPEN_SRC_NONE;
User\main.c(67): warning:  #550-D: variable "admin_registered"  was set but never used
  static u8 admin_registered = 0;
User\main.c(75): warning:  #550-D: variable "op_pwd_result"  was set but never used
  static u8 op_pwd_result = 0;
User\main.c(553): warning:  #177-D: function "StringOfStars"  was declared but never referenced
  static const char* StringOfStars(u8 count)
User\main.c(699): warning:  #177-D: function "ShowFaceManagePage"  was declared but never referenced
  static void ShowFaceManagePage(void)
User\main.c(833): warning:  #177-D: function "WaitAdminFace"  was declared but never referenced
  static u8 WaitAdminFace(void)
User\main.c(943): warning:  #177-D: function "StartAdminEnroll"  was declared but never referenced
  static void StartAdminEnroll(void)
User\main.c(973): warning:  #177-D: function "AdminAuth_Process"  was declared but never referenced
  static void AdminAuth_Process(void)
User\main.c(997): warning:  #177-D: function "AdminMenu_Switch"  was declared but never referenced
  static void AdminMenu_Switch(void)
User\main.c: 9 warnings, 0 errors
linking...
Program Size: Code=21328 RO-data=3012 RW-data=10212 ZI-data=3188  
".\Objects\Project.axf" - 0 Error(s), 9 Warning(s).

<h2>Software Packages used:</h2>

Package Vendor: Keil
                https://www.keil.com/pack/Keil.STM32F1xx_DFP.2.4.1.pack
                Keil::STM32F1xx_DFP@2.4.1
                STMicroelectronics STM32F1 Series Device Support, Drivers and Examples

<h2>Collection of Component include folders:</h2>
  C:/Users/ab/AppData/Local/Arm/Packs/Keil/STM32F1xx_DFP/2.4.1/Device/Include

<h2>Collection of Component Files used:</h2>
Build Time Elapsed:  00:00:01
</pre>
</body>
</html>
