<html>
<body>
<pre>
<h1>µVision Build Log</h1>
<h2>Tool Versions:</h2>
IDE-Version: ¦ÌVision V5.42.0.0
Copyright (C) 2025 ARM Ltd and ARM Germany GmbH. All rights reserved.
License Information: 1 1, 11, LIC=YA39H-WX3XM-ARGXW-Q0A10-EXBRK-X7UB3
 
Tool Versions:
Toolchain:       MDK-ARM Plus  Version: 5.42.0.0
Toolchain Path:  C:\Users\ab\AppData\Local\Keil_v5\ARM\ARMCC\Bin
C Compiler:      Armcc.exe V5.06 update 7 (build 960)
Assembler:       Armasm.exe V5.06 update 7 (build 960)
Linker/Locator:  ArmLink.exe V5.06 update 7 (build 960)
Library Manager: ArmAr.exe V5.06 update 7 (build 960)
Hex Converter:   FromElf.exe V5.06 update 7 (build 960)
CPU DLL:         SARMCM3.DLL V5.42.0.0
Dialog DLL:      DCM.DLL V1.17.5.0
Target DLL:      Segger\JL2CM3.dll V2.99.45.0
Dialog DLL:      TCM.DLL V1.56.6.0
 
<h2>Project:</h2>
C:\Users\ab\Desktop\Project\Pro_07_Face_Door_git\-Face-recognition-on-K210\STM32F103_Template-16key2\Project.uvprojx
Project File Date:  04/29/2026

<h2>Output:</h2>
*** Using Compiler 'V5.06 update 7 (build 960)', folder: 'C:\Users\ab\AppData\Local\Keil_v5\ARM\ARMCC\Bin'
Build target 'Target 1'
compiling main.c...
User\main.c(1384): warning:  #1-D: last line of file ends without a newline
  }
User\main.c(56): warning:  #550-D: variable "door_open_source"  was set but never used
  static u8 door_open_source = OPEN_SRC_NONE;
User\main.c(61): warning:  #550-D: variable "face_id"  was set but never used
  static u8 face_id = 0xFF;
User\main.c(66): warning:  #550-D: variable "admin_registered"  was set but never used
  static u8 admin_registered = 0;
User\main.c(558): warning:  #177-D: function "ShowFaceManagePage"  was declared but never referenced
  static void ShowFaceManagePage(void)
User\main.c(669): warning:  #177-D: function "WaitAdminFace"  was declared but never referenced
  static u8 WaitAdminFace(void)
User\main.c(779): warning:  #177-D: function "StartAdminEnroll"  was declared but never referenced
  static void StartAdminEnroll(void)
User\main.c: 7 warnings, 0 errors
linking...
Program Size: Code=19664 RO-data=2912 RW-data=9736 ZI-data=2608  
".\Objects\Project.axf" - 0 Error(s), 7 Warning(s).

<h2>Software Packages used:</h2>

Package Vendor: Keil
                https://www.keil.com/pack/Keil.STM32F1xx_DFP.2.4.1.pack
                Keil::STM32F1xx_DFP@2.4.1
                STMicroelectronics STM32F1 Series Device Support, Drivers and Examples

<h2>Collection of Component include folders:</h2>
  C:/Users/ab/AppData/Local/Arm/Packs/Keil/STM32F1xx_DFP/2.4.1/Device/Include

<h2>Collection of Component Files used:</h2>
Build Time Elapsed:  00:00:01
</pre>
</body>
</html>
